test/cli.ts(2,23): error TS2835: Relative import paths need explicit file extensions in ECMAScript imports when '--moduleResolution' is 'node16' or 'nodenext'. Did you mean './suite.js'?
test/cli.ts(4,15): error TS7006: Parameter 'test' implicitly has an 'any' type.
test/cli.ts(5,28): error TS7006: Parameter 'assert' implicitly has an 'any' type.
test/cli.ts(12,34): error TS7006: Parameter 'assert' implicitly has an 'any' type.
test/cli.ts(22,32): error TS7006: Parameter 'assert' implicitly has an 'any' type.
test/cli.ts(33,34): error TS7006: Parameter 'assert' implicitly has an 'any' type.
test/cli.ts(43,30): error TS7006: Parameter 'assert' implicitly has an 'any' type.
test/cli.ts(54,41): error TS7006: Parameter 'assert' implicitly has an 'any' type.
test/cli.ts(66,51): error TS7006: Parameter 'assert' implicitly has an 'any' type.
test/cli.ts(76,47): error TS7006: Parameter 'assert' implicitly has an 'any' type.
test/cli.ts(88,51): error TS7006: Parameter 'assert' implicitly has an 'any' type.
test/cli.ts(100,56): error TS7006: Parameter 'assert' implicitly has an 'any' type.
test/compileGeneratedSchema.test.ts(4,18): error TS7016: Could not find a declaration file for module 'js-yaml'. '/Users/gbryk/Repos/json-schema-to-zod/node_modules/.pnpm/js-yaml@4.1.1/node_modules/js-yaml/dist/js-yaml.mjs' implicitly has an 'any' type.
  Try `npm i --save-dev @types/js-yaml` if it exists or add a new declaration (.d.ts) file containing `declare module 'js-yaml';`
test/compileGeneratedSchema.test.ts(7,23): error TS2835: Relative import paths need explicit file extensions in ECMAScript imports when '--moduleResolution' is 'node16' or 'nodenext'. Did you mean './suite.js'?
test/compileGeneratedSchema.test.ts(68,31): error TS7006: Parameter 'test' implicitly has an 'any' type.
test/compileGeneratedSchema.test.ts(70,61): error TS7006: Parameter 'assert' implicitly has an 'any' type.
test/emitZod.parseback.test.ts(3,23): error TS2835: Relative import paths need explicit file extensions in ECMAScript imports when '--moduleResolution' is 'node16' or 'nodenext'. Did you mean './suite.js'?
test/emitZod.parseback.test.ts(17,30): error TS7006: Parameter 'test' implicitly has an 'any' type.
test/emitZod.parseback.test.ts(18,50): error TS7006: Parameter 'assert' implicitly has an 'any' type.
test/emitZod.parseback.test.ts(23,58): error TS7006: Parameter 'assert' implicitly has an 'any' type.
test/esmEmitter.test.ts(2,23): error TS2835: Relative import paths need explicit file extensions in ECMAScript imports when '--moduleResolution' is 'node16' or 'nodenext'. Did you mean './suite.js'?
test/esmEmitter.test.ts(4,22): error TS7006: Parameter 'test' implicitly has an 'any' type.
test/esmEmitter.test.ts(5,56): error TS7006: Parameter 'assert' implicitly has an 'any' type.
test/esmEmitter.test.ts(19,48): error TS7006: Parameter 'assert' implicitly has an 'any' type.
test/eval.test.ts(4,23): error TS2835: Relative import paths need explicit file extensions in ECMAScript imports when '--moduleResolution' is 'node16' or 'nodenext'. Did you mean './suite.js'?
test/eval.test.ts(6,16): error TS7006: Parameter 'test' implicitly has an 'any' type.
test/eval.test.ts(7,71): error TS7006: Parameter 'assert' implicitly has an 'any' type.
test/functional-validation.test.ts(13,23): error TS2835: Relative import paths need explicit file extensions in ECMAScript imports when '--moduleResolution' is 'node16' or 'nodenext'. Did you mean './suite.js'?
test/functional-validation.test.ts(85,33): error TS7006: Parameter 'test' implicitly has an 'any' type.
test/functional-validation.test.ts(87,48): error TS7006: Parameter 'assert' implicitly has an 'any' type.
test/functional-validation.test.ts(105,76): error TS7006: Parameter 'assert' implicitly has an 'any' type.
test/functional-validation.test.ts(129,14): error TS18046: 'compiled.result' is of type 'unknown'.
test/functional-validation.test.ts(133,60): error TS7006: Parameter 'assert' implicitly has an 'any' type.
test/functional-validation.test.ts(166,52): error TS7006: Parameter 'assert' implicitly has an 'any' type.
test/functional-validation.test.ts(183,53): error TS7006: Parameter 'assert' implicitly has an 'any' type.
test/functional-validation.test.ts(200,46): error TS7006: Parameter 'assert' implicitly has an 'any' type.
test/functional-validation.test.ts(208,30): error TS2345: Argument of type '{ allOf: ({ type: string; properties: { a: { type: string; }; b?: undefined; }; } | { type: string; properties: { b: { type: string; }; a?: undefined; }; })[]; }' is not assignable to parameter of type 'JsonSchema'.
  Type '{ allOf: ({ type: string; properties: { a: { type: string; }; b?: undefined; }; } | { type: string; properties: { b: { type: string; }; a?: undefined; }; })[]; }' is not assignable to type 'JsonSchemaObject'.
    Type '{ allOf: ({ type: string; properties: { a: { type: string; }; b?: undefined; }; } | { type: string; properties: { b: { type: string; }; a?: undefined; }; })[]; }' is not assignable to type '{ type?: string | string[] | undefined; $id?: string | undefined; $ref?: string | undefined; $anchor?: string | undefined; $dynamicRef?: string | undefined; $dynamicAnchor?: string | undefined; ... 44 more ...; errorMessage?: { ...; } | undefined; }'.
      Types of property 'allOf' are incompatible.
        Type '({ type: string; properties: { a: { type: string; }; b?: undefined; }; } | { type: string; properties: { b: { type: string; }; a?: undefined; }; })[]' is not assignable to type 'JsonSchema[]'.
          Type '{ type: string; properties: { a: { type: string; }; b?: undefined; }; } | { type: string; properties: { b: { type: string; }; a?: undefined; }; }' is not assignable to type 'JsonSchema'.
            Type '{ type: string; properties: { a: { type: string; }; b?: undefined; }; }' is not assignable to type 'JsonSchema'.
              Type '{ type: string; properties: { a: { type: string; }; b?: undefined; }; }' is not assignable to type 'JsonSchemaObject'.
                Type '{ type: string; properties: { a: { type: string; }; b?: undefined; }; }' is not assignable to type '{ type?: string | string[] | undefined; $id?: string | undefined; $ref?: string | undefined; $anchor?: string | undefined; $dynamicRef?: string | undefined; $dynamicAnchor?: string | undefined; ... 44 more ...; errorMessage?: { ...; } | undefined; }'.
                  Types of property 'properties' are incompatible.
                    Type '{ a: { type: string; }; b?: undefined; }' is not assignable to type '{ [key: string]: JsonSchema; }'.
                      Property 'b' is incompatible with index signature.
                        Type 'undefined' is not assignable to type 'JsonSchema'.
test/functional-validation.test.ts(219,56): error TS7006: Parameter 'assert' implicitly has an 'any' type.
test/functional-validation.test.ts(232,14): error TS18046: 'compiled.result' is of type 'unknown'.
test/functional-validation.test.ts(236,56): error TS7006: Parameter 'assert' implicitly has an 'any' type.
test/functional-validation.test.ts(249,14): error TS18046: 'compiled.result' is of type 'unknown'.
test/functional-validation.test.ts(253,31): error TS7006: Parameter 'assert' implicitly has an 'any' type.
test/functional-validation.test.ts(269,45): error TS7006: Parameter 'assert' implicitly has an 'any' type.
test/functional-validation.test.ts(289,49): error TS7006: Parameter 'assert' implicitly has an 'any' type.
test/functional-validation.test.ts(321,57): error TS7006: Parameter 'assert' implicitly has an 'any' type.
test/generateSchemaBundle.snap.test.ts(1,38): error TS2834: Relative import paths need explicit file extensions in ECMAScript imports when '--moduleResolution' is 'node16' or 'nodenext'. Consider adding an extension to the import path.
test/generateSchemaBundle.snap.test.ts(3,23): error TS2835: Relative import paths need explicit file extensions in ECMAScript imports when '--moduleResolution' is 'node16' or 'nodenext'. Did you mean './suite.js'?
test/generateSchemaBundle.snap.test.ts(5,42): error TS7006: Parameter 'test' implicitly has an 'any' type.
test/generateSchemaBundle.snap.test.ts(6,60): error TS7006: Parameter 'assert' implicitly has an 'any' type.
test/generateSchemaBundle.test.ts(4,38): error TS2834: Relative import paths need explicit file extensions in ECMAScript imports when '--moduleResolution' is 'node16' or 'nodenext'. Consider adding an extension to the import path.
test/generateSchemaBundle.test.ts(5,23): error TS2835: Relative import paths need explicit file extensions in ECMAScript imports when '--moduleResolution' is 'node16' or 'nodenext'. Did you mean './suite.js'?
test/generateSchemaBundle.test.ts(9,32): error TS7006: Parameter 'test' implicitly has an 'any' type.
test/generateSchemaBundle.test.ts(10,54): error TS7006: Parameter 'assert' implicitly has an 'any' type.
test/generateSchemaBundle.test.ts(48,55): error TS7006: Parameter 'assert' implicitly has an 'any' type.
test/generateSchemaBundle.test.ts(74,40): error TS7006: Parameter 'f' implicitly has an 'any' type.
test/generateSchemaBundle.test.ts(79,46): error TS7006: Parameter 'assert' implicitly has an 'any' type.
test/generateSchemaBundle.test.ts(93,42): error TS7006: Parameter 'f' implicitly has an 'any' type.
test/generateSchemaBundle.test.ts(97,53): error TS7006: Parameter 'assert' implicitly has an 'any' type.
test/generateSchemaBundle.test.ts(120,43): error TS7006: Parameter 'f' implicitly has an 'any' type.
test/generateSchemaBundle.test.ts(128,76): error TS7006: Parameter 'assert' implicitly has an 'any' type.
test/generateSchemaBundle.test.ts(151,41): error TS7006: Parameter 'f' implicitly has an 'any' type.
test/generateSchemaBundle.test.ts(161,62): error TS7006: Parameter 'assert' implicitly has an 'any' type.
test/generateSchemaBundle.test.ts(189,38): error TS7006: Parameter 'f' implicitly has an 'any' type.
test/generateSchemaBundle.test.ts(190,38): error TS7006: Parameter 'f' implicitly has an 'any' type.
test/generateSchemaBundle.test.ts(198,58): error TS7006: Parameter 'assert' implicitly has an 'any' type.
test/generateSchemaBundle.test.ts(212,42): error TS7006: Parameter 'f' implicitly has an 'any' type.
test/generateSchemaBundle.test.ts(218,85): error TS7006: Parameter 'assert' implicitly has an 'any' type.
test/generateSchemaBundle.test.ts(224,42): error TS7006: Parameter 'f' implicitly has an 'any' type.
test/generateSchemaBundle.test.ts(229,65): error TS7006: Parameter 'assert' implicitly has an 'any' type.
test/generateSchemaBundle.test.ts(235,42): error TS7006: Parameter 'f' implicitly has an 'any' type.
test/generateSchemaBundle.test.ts(241,61): error TS7006: Parameter 'assert' implicitly has an 'any' type.
test/generateSchemaBundle.test.ts(286,43): error TS7006: Parameter 'f' implicitly has an 'any' type.
test/jsonSchemaToZod.test.ts(6,29): error TS2834: Relative import paths need explicit file extensions in ECMAScript imports when '--moduleResolution' is 'node16' or 'nodenext'. Consider adding an extension to the import path.
test/jsonSchemaToZod.test.ts(7,23): error TS2835: Relative import paths need explicit file extensions in ECMAScript imports when '--moduleResolution' is 'node16' or 'nodenext'. Did you mean './suite.js'?
test/jsonSchemaToZod.test.ts(8,31): error TS2835: Relative import paths need explicit file extensions in ECMAScript imports when '--moduleResolution' is 'node16' or 'nodenext'. Did you mean './utils/normalizeCode.js'?
test/jsonSchemaToZod.test.ts(9,66): error TS2835: Relative import paths need explicit file extensions in ECMAScript imports when '--moduleResolution' is 'node16' or 'nodenext'. Did you mean './utils/assertCode.js'?
test/jsonSchemaToZod.test.ts(12,27): error TS7006: Parameter 'test' implicitly has an 'any' type.
test/jsonSchemaToZod.test.ts(13,46): error TS7006: Parameter 'assert' implicitly has an 'any' type.
test/jsonSchemaToZod.test.ts(21,95): error TS7006: Parameter 'assert' implicitly has an 'any' type.
test/jsonSchemaToZod.test.ts(37,55): error TS7006: Parameter 'assert' implicitly has an 'any' type.
test/jsonSchemaToZod.test.ts(52,44): error TS7006: Parameter 'assert' implicitly has an 'any' type.
test/jsonSchemaToZod.test.ts(70,72): error TS7006: Parameter 'assert' implicitly has an 'any' type.
test/jsonSchemaToZod.test.ts(88,53): error TS7006: Parameter 'assert' implicitly has an 'any' type.
test/jsonSchemaToZod.test.ts(100,36): error TS7006: Parameter 'assert' implicitly has an 'any' type.
test/jsonSchemaToZod.test.ts(118,42): error TS7006: Parameter 'assert' implicitly has an 'any' type.
test/jsonSchemaToZod.test.ts(134,42): error TS7006: Parameter 'assert' implicitly has an 'any' type.
test/jsonSchemaToZod.test.ts(152,33): error TS7006: Parameter 'assert' implicitly has an 'any' type.
test/jsonSchemaToZod.test.ts(170,37): error TS7006: Parameter 'assert' implicitly has an 'any' type.
test/jsonSchemaToZod.test.ts(182,34): error TS7006: Parameter 'assert' implicitly has an 'any' type.
test/jsonSchemaToZod.test.ts(200,31): error TS7006: Parameter 'assert' implicitly has an 'any' type.
test/jsonSchemaToZod.test.ts(224,58): error TS7006: Parameter 'assert' implicitly has an 'any' type.
test/jsonSchemaToZod.test.ts(245,39): error TS7006: Parameter 'assert' implicitly has an 'any' type.
test/jsonSchemaToZod.test.ts(261,45): error TS7006: Parameter 'assert' implicitly has an 'any' type.
test/jsonSchemaToZod.test.ts(277,57): error TS7006: Parameter 'assert' implicitly has an 'any' type.
test/jsonSchemaToZod.test.ts(288,28): error TS7006: Parameter 'schema' implicitly has an 'any' type.
test/jsonSchemaToZod.test.ts(288,36): error TS7006: Parameter 'refs' implicitly has an 'any' type.
test/jsonSchemaToZod.test.ts(309,33): error TS7006: Parameter 'assert' implicitly has an 'any' type.
test/jsonSchemaToZod.test.ts(318,36): error TS7006: Parameter 'assert' implicitly has an 'any' type.
test/jsonSchemaToZod.test.ts(325,75): error TS7006: Parameter 'assert' implicitly has an 'any' type.
test/jsonSchemaToZod.test.ts(347,56): error TS7006: Parameter 'assert' implicitly has an 'any' type.
test/jsonSchemaToZod.test.ts(381,46): error TS7006: Parameter 'assert' implicitly has an 'any' type.
test/jsonSchemaToZod.test.ts(392,38): error TS7006: Parameter 'assert' implicitly has an 'any' type.
test/jsonSchemaToZod.test.ts(410,52): error TS7006: Parameter 'assert' implicitly has an 'any' type.
test/jsonSchemaToZod.test.ts(424,40): error TS7006: Parameter 'assert' implicitly has an 'any' type.
test/jsonSchemaToZod.test.ts(452,61): error TS7006: Parameter 'assert' implicitly has an 'any' type.
test/output/workflow.zod.ts(20,20): error TS2345: Argument of type '{ path: never[]; code: "invalid_union"; unionErrors: z.ZodError<unknown>[]; message: string; }' is not assignable to parameter of type 'string | { [x: string]: unknown; readonly pattern?: string | undefined; readonly format: $ZodStringFormats | (string & {}); readonly input?: string | undefined; readonly code: "invalid_format"; readonly path?: PropertyKey[] | undefined; readonly message?: string | undefined; readonly inst?: $ZodType<...> | ... 1 mor...'.
  Type '{ path: never[]; code: "invalid_union"; unionErrors: z.ZodError<unknown>[]; message: string; }' is not assignable to type '{ [x: string]: unknown; readonly discriminator?: string | undefined; readonly input?: unknown; readonly errors: $ZodIssue[][]; readonly code: "invalid_union"; readonly inclusive?: true | undefined; readonly path?: PropertyKey[] | undefined; readonly message?: string | undefined; readonly inst?: $ZodType<...> | ... 1...'.
    Type '{ path: never[]; code: "invalid_union"; unionErrors: ZodError<unknown>[]; message: string; }' is missing the following properties from type '{ [x: string]: unknown; readonly discriminator?: string | undefined; readonly input?: unknown; readonly errors: []; readonly code: "invalid_union"; readonly inclusive: false; readonly path?: PropertyKey[] | undefined; readonly message?: string | undefined; readonly inst?: $ZodType<...> | ... 1 more ... | undefined; ...': errors, inclusive
test/output/workflow.zod.ts(38,20): error TS2345: Argument of type '{ path: never[]; code: "invalid_union"; unionErrors: z.ZodError<unknown>[]; message: string; }' is not assignable to parameter of type 'string | { [x: string]: unknown; readonly pattern?: string | undefined; readonly format: $ZodStringFormats | (string & {}); readonly input?: string | undefined; readonly code: "invalid_format"; readonly path?: PropertyKey[] | undefined; readonly message?: string | undefined; readonly inst?: $ZodType<...> | ... 1 mor...'.
  Type '{ path: never[]; code: "invalid_union"; unionErrors: z.ZodError<unknown>[]; message: string; }' is not assignable to type '{ [x: string]: unknown; readonly discriminator?: string | undefined; readonly input?: unknown; readonly errors: $ZodIssue[][]; readonly code: "invalid_union"; readonly inclusive?: true | undefined; readonly path?: PropertyKey[] | undefined; readonly message?: string | undefined; readonly inst?: $ZodType<...> | ... 1...'.
    Type '{ path: never[]; code: "invalid_union"; unionErrors: ZodError<unknown>[]; message: string; }' is missing the following properties from type '{ [x: string]: unknown; readonly discriminator?: string | undefined; readonly input?: unknown; readonly errors: []; readonly code: "invalid_union"; readonly inclusive: false; readonly path?: PropertyKey[] | undefined; readonly message?: string | undefined; readonly inst?: $ZodType<...> | ... 1 more ... | undefined; ...': errors, inclusive
test/output/workflow.zod.ts(56,20): error TS2345: Argument of type '{ path: never[]; code: "invalid_union"; unionErrors: z.ZodError<unknown>[]; message: string; }' is not assignable to parameter of type 'string | { [x: string]: unknown; readonly pattern?: string | undefined; readonly format: $ZodStringFormats | (string & {}); readonly input?: string | undefined; readonly code: "invalid_format"; readonly path?: PropertyKey[] | undefined; readonly message?: string | undefined; readonly inst?: $ZodType<...> | ... 1 mor...'.
  Type '{ path: never[]; code: "invalid_union"; unionErrors: z.ZodError<unknown>[]; message: string; }' is not assignable to type '{ [x: string]: unknown; readonly discriminator?: string | undefined; readonly input?: unknown; readonly errors: $ZodIssue[][]; readonly code: "invalid_union"; readonly inclusive?: true | undefined; readonly path?: PropertyKey[] | undefined; readonly message?: string | undefined; readonly inst?: $ZodType<...> | ... 1...'.
    Type '{ path: never[]; code: "invalid_union"; unionErrors: ZodError<unknown>[]; message: string; }' is missing the following properties from type '{ [x: string]: unknown; readonly discriminator?: string | undefined; readonly input?: unknown; readonly errors: []; readonly code: "invalid_union"; readonly inclusive: false; readonly path?: PropertyKey[] | undefined; readonly message?: string | undefined; readonly inst?: $ZodType<...> | ... 1 more ... | undefined; ...': errors, inclusive
test/output/workflow.zod.ts(74,20): error TS2345: Argument of type '{ path: never[]; code: "invalid_union"; unionErrors: z.ZodError<unknown>[]; message: string; }' is not assignable to parameter of type 'string | { [x: string]: unknown; readonly pattern?: string | undefined; readonly format: $ZodStringFormats | (string & {}); readonly input?: string | undefined; readonly code: "invalid_format"; readonly path?: PropertyKey[] | undefined; readonly message?: string | undefined; readonly inst?: $ZodType<...> | ... 1 mor...'.
  Type '{ path: never[]; code: "invalid_union"; unionErrors: z.ZodError<unknown>[]; message: string; }' is not assignable to type '{ [x: string]: unknown; readonly discriminator?: string | undefined; readonly input?: unknown; readonly errors: $ZodIssue[][]; readonly code: "invalid_union"; readonly inclusive?: true | undefined; readonly path?: PropertyKey[] | undefined; readonly message?: string | undefined; readonly inst?: $ZodType<...> | ... 1...'.
    Type '{ path: never[]; code: "invalid_union"; unionErrors: ZodError<unknown>[]; message: string; }' is missing the following properties from type '{ [x: string]: unknown; readonly discriminator?: string | undefined; readonly input?: unknown; readonly errors: []; readonly code: "invalid_union"; readonly inclusive: false; readonly path?: PropertyKey[] | undefined; readonly message?: string | undefined; readonly inst?: $ZodType<...> | ... 1 more ... | undefined; ...': errors, inclusive
test/output/workflow.zod.ts(92,20): error TS2345: Argument of type '{ path: never[]; code: "invalid_union"; unionErrors: z.ZodError<unknown>[]; message: string; }' is not assignable to parameter of type 'string | { [x: string]: unknown; readonly pattern?: string | undefined; readonly format: $ZodStringFormats | (string & {}); readonly input?: string | undefined; readonly code: "invalid_format"; readonly path?: PropertyKey[] | undefined; readonly message?: string | undefined; readonly inst?: $ZodType<...> | ... 1 mor...'.
  Type '{ path: never[]; code: "invalid_union"; unionErrors: z.ZodError<unknown>[]; message: string; }' is not assignable to type '{ [x: string]: unknown; readonly discriminator?: string | undefined; readonly input?: unknown; readonly errors: $ZodIssue[][]; readonly code: "invalid_union"; readonly inclusive?: true | undefined; readonly path?: PropertyKey[] | undefined; readonly message?: string | undefined; readonly inst?: $ZodType<...> | ... 1...'.
    Type '{ path: never[]; code: "invalid_union"; unionErrors: ZodError<unknown>[]; message: string; }' is missing the following properties from type '{ [x: string]: unknown; readonly discriminator?: string | undefined; readonly input?: unknown; readonly errors: []; readonly code: "invalid_union"; readonly inclusive: false; readonly path?: PropertyKey[] | undefined; readonly message?: string | undefined; readonly inst?: $ZodType<...> | ... 1 more ... | undefined; ...': errors, inclusive
test/output/workflow.zod.ts(109,20): error TS2345: Argument of type '{ path: never[]; code: "invalid_union"; unionErrors: z.ZodError<unknown>[]; message: string; }' is not assignable to parameter of type 'string | { [x: string]: unknown; readonly pattern?: string | undefined; readonly format: $ZodStringFormats | (string & {}); readonly input?: string | undefined; readonly code: "invalid_format"; readonly path?: PropertyKey[] | undefined; readonly message?: string | undefined; readonly inst?: $ZodType<...> | ... 1 mor...'.
  Type '{ path: never[]; code: "invalid_union"; unionErrors: z.ZodError<unknown>[]; message: string; }' is not assignable to type '{ [x: string]: unknown; readonly discriminator?: string | undefined; readonly input?: unknown; readonly errors: $ZodIssue[][]; readonly code: "invalid_union"; readonly inclusive?: true | undefined; readonly path?: PropertyKey[] | undefined; readonly message?: string | undefined; readonly inst?: $ZodType<...> | ... 1...'.
    Type '{ path: never[]; code: "invalid_union"; unionErrors: ZodError<unknown>[]; message: string; }' is missing the following properties from type '{ [x: string]: unknown; readonly discriminator?: string | undefined; readonly input?: unknown; readonly errors: []; readonly code: "invalid_union"; readonly inclusive: false; readonly path?: PropertyKey[] | undefined; readonly message?: string | undefined; readonly inst?: $ZodType<...> | ... 1 more ... | undefined; ...': errors, inclusive
test/output/workflow.zod.ts(128,20): error TS2345: Argument of type '{ path: never[]; code: "invalid_union"; unionErrors: z.ZodError<unknown>[]; message: string; }' is not assignable to parameter of type 'string | { [x: string]: unknown; readonly pattern?: string | undefined; readonly format: $ZodStringFormats | (string & {}); readonly input?: string | undefined; readonly code: "invalid_format"; readonly path?: PropertyKey[] | undefined; readonly message?: string | undefined; readonly inst?: $ZodType<...> | ... 1 mor...'.
  Type '{ path: never[]; code: "invalid_union"; unionErrors: z.ZodError<unknown>[]; message: string; }' is not assignable to type '{ [x: string]: unknown; readonly discriminator?: string | undefined; readonly input?: unknown; readonly errors: $ZodIssue[][]; readonly code: "invalid_union"; readonly inclusive?: true | undefined; readonly path?: PropertyKey[] | undefined; readonly message?: string | undefined; readonly inst?: $ZodType<...> | ... 1...'.
    Type '{ path: never[]; code: "invalid_union"; unionErrors: ZodError<unknown>[]; message: string; }' is missing the following properties from type '{ [x: string]: unknown; readonly discriminator?: string | undefined; readonly input?: unknown; readonly errors: []; readonly code: "invalid_union"; readonly inclusive: false; readonly path?: PropertyKey[] | undefined; readonly message?: string | undefined; readonly inst?: $ZodType<...> | ... 1 more ... | undefined; ...': errors, inclusive
test/output/workflow.zod.ts(148,20): error TS2345: Argument of type '{ path: never[]; code: "invalid_union"; unionErrors: z.ZodError<unknown>[]; message: string; }' is not assignable to parameter of type 'string | { [x: string]: unknown; readonly pattern?: string | undefined; readonly format: $ZodStringFormats | (string & {}); readonly input?: string | undefined; readonly code: "invalid_format"; readonly path?: PropertyKey[] | undefined; readonly message?: string | undefined; readonly inst?: $ZodType<...> | ... 1 mor...'.
  Type '{ path: never[]; code: "invalid_union"; unionErrors: z.ZodError<unknown>[]; message: string; }' is not assignable to type '{ [x: string]: unknown; readonly discriminator?: string | undefined; readonly input?: unknown; readonly errors: $ZodIssue[][]; readonly code: "invalid_union"; readonly inclusive?: true | undefined; readonly path?: PropertyKey[] | undefined; readonly message?: string | undefined; readonly inst?: $ZodType<...> | ... 1...'.
    Type '{ path: never[]; code: "invalid_union"; unionErrors: ZodError<unknown>[]; message: string; }' is missing the following properties from type '{ [x: string]: unknown; readonly discriminator?: string | undefined; readonly input?: unknown; readonly errors: []; readonly code: "invalid_union"; readonly inclusive: false; readonly path?: PropertyKey[] | undefined; readonly message?: string | undefined; readonly inst?: $ZodType<...> | ... 1 more ... | undefined; ...': errors, inclusive
test/output/workflow.zod.ts(165,20): error TS2345: Argument of type '{ path: never[]; code: "invalid_union"; unionErrors: z.ZodError<unknown>[]; message: string; }' is not assignable to parameter of type 'string | { [x: string]: unknown; readonly pattern?: string | undefined; readonly format: $ZodStringFormats | (string & {}); readonly input?: string | undefined; readonly code: "invalid_format"; readonly path?: PropertyKey[] | undefined; readonly message?: string | undefined; readonly inst?: $ZodType<...> | ... 1 mor...'.
  Type '{ path: never[]; code: "invalid_union"; unionErrors: z.ZodError<unknown>[]; message: string; }' is not assignable to type '{ [x: string]: unknown; readonly discriminator?: string | undefined; readonly input?: unknown; readonly errors: $ZodIssue[][]; readonly code: "invalid_union"; readonly inclusive?: true | undefined; readonly path?: PropertyKey[] | undefined; readonly message?: string | undefined; readonly inst?: $ZodType<...> | ... 1...'.
    Type '{ path: never[]; code: "invalid_union"; unionErrors: ZodError<unknown>[]; message: string; }' is missing the following properties from type '{ [x: string]: unknown; readonly discriminator?: string | undefined; readonly input?: unknown; readonly errors: []; readonly code: "invalid_union"; readonly inclusive: false; readonly path?: PropertyKey[] | undefined; readonly message?: string | undefined; readonly inst?: $ZodType<...> | ... 1 more ... | undefined; ...': errors, inclusive
test/output/workflow.zod.ts(185,20): error TS2345: Argument of type '{ path: never[]; code: "invalid_union"; unionErrors: z.ZodError<unknown>[]; message: string; }' is not assignable to parameter of type 'string | { [x: string]: unknown; readonly pattern?: string | undefined; readonly format: $ZodStringFormats | (string & {}); readonly input?: string | undefined; readonly code: "invalid_format"; readonly path?: PropertyKey[] | undefined; readonly message?: string | undefined; readonly inst?: $ZodType<...> | ... 1 mor...'.
  Type '{ path: never[]; code: "invalid_union"; unionErrors: z.ZodError<unknown>[]; message: string; }' is not assignable to type '{ [x: string]: unknown; readonly discriminator?: string | undefined; readonly input?: unknown; readonly errors: $ZodIssue[][]; readonly code: "invalid_union"; readonly inclusive?: true | undefined; readonly path?: PropertyKey[] | undefined; readonly message?: string | undefined; readonly inst?: $ZodType<...> | ... 1...'.
    Type '{ path: never[]; code: "invalid_union"; unionErrors: ZodError<unknown>[]; message: string; }' is missing the following properties from type '{ [x: string]: unknown; readonly discriminator?: string | undefined; readonly input?: unknown; readonly errors: []; readonly code: "invalid_union"; readonly inclusive: false; readonly path?: PropertyKey[] | undefined; readonly message?: string | undefined; readonly inst?: $ZodType<...> | ... 1 more ... | undefined; ...': errors, inclusive
test/output/workflow.zod.ts(204,20): error TS2345: Argument of type '{ path: never[]; code: "invalid_union"; unionErrors: z.ZodError<unknown>[]; message: string; }' is not assignable to parameter of type 'string | { [x: string]: unknown; readonly pattern?: string | undefined; readonly format: $ZodStringFormats | (string & {}); readonly input?: string | undefined; readonly code: "invalid_format"; readonly path?: PropertyKey[] | undefined; readonly message?: string | undefined; readonly inst?: $ZodType<...> | ... 1 mor...'.
  Type '{ path: never[]; code: "invalid_union"; unionErrors: z.ZodError<unknown>[]; message: string; }' is not assignable to type '{ [x: string]: unknown; readonly discriminator?: string | undefined; readonly input?: unknown; readonly errors: $ZodIssue[][]; readonly code: "invalid_union"; readonly inclusive?: true | undefined; readonly path?: PropertyKey[] | undefined; readonly message?: string | undefined; readonly inst?: $ZodType<...> | ... 1...'.
    Type '{ path: never[]; code: "invalid_union"; unionErrors: ZodError<unknown>[]; message: string; }' is missing the following properties from type '{ [x: string]: unknown; readonly discriminator?: string | undefined; readonly input?: unknown; readonly errors: []; readonly code: "invalid_union"; readonly inclusive: false; readonly path?: PropertyKey[] | undefined; readonly message?: string | undefined; readonly inst?: $ZodType<...> | ... 1 more ... | undefined; ...': errors, inclusive
test/output/workflow.zod.ts(223,20): error TS2345: Argument of type '{ path: never[]; code: "invalid_union"; unionErrors: z.ZodError<unknown>[]; message: string; }' is not assignable to parameter of type 'string | { [x: string]: unknown; readonly pattern?: string | undefined; readonly format: $ZodStringFormats | (string & {}); readonly input?: string | undefined; readonly code: "invalid_format"; readonly path?: PropertyKey[] | undefined; readonly message?: string | undefined; readonly inst?: $ZodType<...> | ... 1 mor...'.
  Type '{ path: never[]; code: "invalid_union"; unionErrors: z.ZodError<unknown>[]; message: string; }' is not assignable to type '{ [x: string]: unknown; readonly discriminator?: string | undefined; readonly input?: unknown; readonly errors: $ZodIssue[][]; readonly code: "invalid_union"; readonly inclusive?: true | undefined; readonly path?: PropertyKey[] | undefined; readonly message?: string | undefined; readonly inst?: $ZodType<...> | ... 1...'.
    Type '{ path: never[]; code: "invalid_union"; unionErrors: ZodError<unknown>[]; message: string; }' is missing the following properties from type '{ [x: string]: unknown; readonly discriminator?: string | undefined; readonly input?: unknown; readonly errors: []; readonly code: "invalid_union"; readonly inclusive: false; readonly path?: PropertyKey[] | undefined; readonly message?: string | undefined; readonly inst?: $ZodType<...> | ... 1 more ... | undefined; ...': errors, inclusive
test/output/workflow.zod.ts(241,20): error TS2345: Argument of type '{ path: never[]; code: "invalid_union"; unionErrors: z.ZodError<unknown>[]; message: string; }' is not assignable to parameter of type 'string | { [x: string]: unknown; readonly pattern?: string | undefined; readonly format: $ZodStringFormats | (string & {}); readonly input?: string | undefined; readonly code: "invalid_format"; readonly path?: PropertyKey[] | undefined; readonly message?: string | undefined; readonly inst?: $ZodType<...> | ... 1 mor...'.
  Type '{ path: never[]; code: "invalid_union"; unionErrors: z.ZodError<unknown>[]; message: string; }' is not assignable to type '{ [x: string]: unknown; readonly discriminator?: string | undefined; readonly input?: unknown; readonly errors: $ZodIssue[][]; readonly code: "invalid_union"; readonly inclusive?: true | undefined; readonly path?: PropertyKey[] | undefined; readonly message?: string | undefined; readonly inst?: $ZodType<...> | ... 1...'.
    Type '{ path: never[]; code: "invalid_union"; unionErrors: ZodError<unknown>[]; message: string; }' is missing the following properties from type '{ [x: string]: unknown; readonly discriminator?: string | undefined; readonly input?: unknown; readonly errors: []; readonly code: "invalid_union"; readonly inclusive: false; readonly path?: PropertyKey[] | undefined; readonly message?: string | undefined; readonly inst?: $ZodType<...> | ... 1 more ... | undefined; ...': errors, inclusive
test/output/workflow.zod.ts(260,20): error TS2345: Argument of type '{ path: never[]; code: "invalid_union"; unionErrors: z.ZodError<unknown>[]; message: string; }' is not assignable to parameter of type 'string | { [x: string]: unknown; readonly pattern?: string | undefined; readonly format: $ZodStringFormats | (string & {}); readonly input?: string | undefined; readonly code: "invalid_format"; readonly path?: PropertyKey[] | undefined; readonly message?: string | undefined; readonly inst?: $ZodType<...> | ... 1 mor...'.
  Type '{ path: never[]; code: "invalid_union"; unionErrors: z.ZodError<unknown>[]; message: string; }' is not assignable to type '{ [x: string]: unknown; readonly discriminator?: string | undefined; readonly input?: unknown; readonly errors: $ZodIssue[][]; readonly code: "invalid_union"; readonly inclusive?: true | undefined; readonly path?: PropertyKey[] | undefined; readonly message?: string | undefined; readonly inst?: $ZodType<...> | ... 1...'.
    Type '{ path: never[]; code: "invalid_union"; unionErrors: ZodError<unknown>[]; message: string; }' is missing the following properties from type '{ [x: string]: unknown; readonly discriminator?: string | undefined; readonly input?: unknown; readonly errors: []; readonly code: "invalid_union"; readonly inclusive: false; readonly path?: PropertyKey[] | undefined; readonly message?: string | undefined; readonly inst?: $ZodType<...> | ... 1 more ... | undefined; ...': errors, inclusive
test/output/workflow.zod.ts(279,20): error TS2345: Argument of type '{ path: never[]; code: "invalid_union"; unionErrors: z.ZodError<unknown>[]; message: string; }' is not assignable to parameter of type 'string | { [x: string]: unknown; readonly pattern?: string | undefined; readonly format: $ZodStringFormats | (string & {}); readonly input?: string | undefined; readonly code: "invalid_format"; readonly path?: PropertyKey[] | undefined; readonly message?: string | undefined; readonly inst?: $ZodType<...> | ... 1 mor...'.
  Type '{ path: never[]; code: "invalid_union"; unionErrors: z.ZodError<unknown>[]; message: string; }' is not assignable to type '{ [x: string]: unknown; readonly discriminator?: string | undefined; readonly input?: unknown; readonly errors: $ZodIssue[][]; readonly code: "invalid_union"; readonly inclusive?: true | undefined; readonly path?: PropertyKey[] | undefined; readonly message?: string | undefined; readonly inst?: $ZodType<...> | ... 1...'.
    Type '{ path: never[]; code: "invalid_union"; unionErrors: ZodError<unknown>[]; message: string; }' is missing the following properties from type '{ [x: string]: unknown; readonly discriminator?: string | undefined; readonly input?: unknown; readonly errors: []; readonly code: "invalid_union"; readonly inclusive: false; readonly path?: PropertyKey[] | undefined; readonly message?: string | undefined; readonly inst?: $ZodType<...> | ... 1 more ... | undefined; ...': errors, inclusive
test/output/workflow.zod.ts(298,20): error TS2345: Argument of type '{ path: never[]; code: "invalid_union"; unionErrors: z.ZodError<unknown>[]; message: string; }' is not assignable to parameter of type 'string | { [x: string]: unknown; readonly pattern?: string | undefined; readonly format: $ZodStringFormats | (string & {}); readonly input?: string | undefined; readonly code: "invalid_format"; readonly path?: PropertyKey[] | undefined; readonly message?: string | undefined; readonly inst?: $ZodType<...> | ... 1 mor...'.
  Type '{ path: never[]; code: "invalid_union"; unionErrors: z.ZodError<unknown>[]; message: string; }' is not assignable to type '{ [x: string]: unknown; readonly discriminator?: string | undefined; readonly input?: unknown; readonly errors: $ZodIssue[][]; readonly code: "invalid_union"; readonly inclusive?: true | undefined; readonly path?: PropertyKey[] | undefined; readonly message?: string | undefined; readonly inst?: $ZodType<...> | ... 1...'.
    Type '{ path: never[]; code: "invalid_union"; unionErrors: ZodError<unknown>[]; message: string; }' is missing the following properties from type '{ [x: string]: unknown; readonly discriminator?: string | undefined; readonly input?: unknown; readonly errors: []; readonly code: "invalid_union"; readonly inclusive: false; readonly path?: PropertyKey[] | undefined; readonly message?: string | undefined; readonly inst?: $ZodType<...> | ... 1 more ... | undefined; ...': errors, inclusive
test/output/workflow.zod.ts(319,20): error TS2345: Argument of type '{ path: never[]; code: "invalid_union"; unionErrors: z.ZodError<unknown>[]; message: string; }' is not assignable to parameter of type 'string | { [x: string]: unknown; readonly pattern?: string | undefined; readonly format: $ZodStringFormats | (string & {}); readonly input?: string | undefined; readonly code: "invalid_format"; readonly path?: PropertyKey[] | undefined; readonly message?: string | undefined; readonly inst?: $ZodType<...> | ... 1 mor...'.
  Type '{ path: never[]; code: "invalid_union"; unionErrors: z.ZodError<unknown>[]; message: string; }' is not assignable to type '{ [x: string]: unknown; readonly discriminator?: string | undefined; readonly input?: unknown; readonly errors: $ZodIssue[][]; readonly code: "invalid_union"; readonly inclusive?: true | undefined; readonly path?: PropertyKey[] | undefined; readonly message?: string | undefined; readonly inst?: $ZodType<...> | ... 1...'.
    Type '{ path: never[]; code: "invalid_union"; unionErrors: ZodError<unknown>[]; message: string; }' is missing the following properties from type '{ [x: string]: unknown; readonly discriminator?: string | undefined; readonly input?: unknown; readonly errors: []; readonly code: "invalid_union"; readonly inclusive: false; readonly path?: PropertyKey[] | undefined; readonly message?: string | undefined; readonly inst?: $ZodType<...> | ... 1 more ... | undefined; ...': errors, inclusive
test/output/workflow.zod.ts(340,20): error TS2345: Argument of type '{ path: never[]; code: "invalid_union"; unionErrors: z.ZodError<unknown>[]; message: string; }' is not assignable to parameter of type 'string | { [x: string]: unknown; readonly pattern?: string | undefined; readonly format: $ZodStringFormats | (string & {}); readonly input?: string | undefined; readonly code: "invalid_format"; readonly path?: PropertyKey[] | undefined; readonly message?: string | undefined; readonly inst?: $ZodType<...> | ... 1 mor...'.
  Type '{ path: never[]; code: "invalid_union"; unionErrors: z.ZodError<unknown>[]; message: string; }' is not assignable to type '{ [x: string]: unknown; readonly discriminator?: string | undefined; readonly input?: unknown; readonly errors: $ZodIssue[][]; readonly code: "invalid_union"; readonly inclusive?: true | undefined; readonly path?: PropertyKey[] | undefined; readonly message?: string | undefined; readonly inst?: $ZodType<...> | ... 1...'.
    Type '{ path: never[]; code: "invalid_union"; unionErrors: ZodError<unknown>[]; message: string; }' is missing the following properties from type '{ [x: string]: unknown; readonly discriminator?: string | undefined; readonly input?: unknown; readonly errors: []; readonly code: "invalid_union"; readonly inclusive: false; readonly path?: PropertyKey[] | undefined; readonly message?: string | undefined; readonly inst?: $ZodType<...> | ... 1 more ... | undefined; ...': errors, inclusive
test/output/workflow.zod.ts(348,428): error TS2448: Block-scoped variable 'TaskList' used before its declaration.
test/output/workflow.zod.ts(348,428): error TS2454: Variable 'TaskList' is used before being assigned.
test/output/workflow.zod.ts(362,20): error TS2345: Argument of type '{ path: never[]; code: "invalid_union"; unionErrors: z.ZodError<unknown>[]; message: string; }' is not assignable to parameter of type 'string | { [x: string]: unknown; readonly pattern?: string | undefined; readonly format: $ZodStringFormats | (string & {}); readonly input?: string | undefined; readonly code: "invalid_format"; readonly path?: PropertyKey[] | undefined; readonly message?: string | undefined; readonly inst?: $ZodType<...> | ... 1 mor...'.
  Type '{ path: never[]; code: "invalid_union"; unionErrors: z.ZodError<unknown>[]; message: string; }' is not assignable to type '{ [x: string]: unknown; readonly discriminator?: string | undefined; readonly input?: unknown; readonly errors: $ZodIssue[][]; readonly code: "invalid_union"; readonly inclusive?: true | undefined; readonly path?: PropertyKey[] | undefined; readonly message?: string | undefined; readonly inst?: $ZodType<...> | ... 1...'.
    Type '{ path: never[]; code: "invalid_union"; unionErrors: ZodError<unknown>[]; message: string; }' is missing the following properties from type '{ [x: string]: unknown; readonly discriminator?: string | undefined; readonly input?: unknown; readonly errors: []; readonly code: "invalid_union"; readonly inclusive: false; readonly path?: PropertyKey[] | undefined; readonly message?: string | undefined; readonly inst?: $ZodType<...> | ... 1 more ... | undefined; ...': errors, inclusive
test/output/workflow.zod.ts(380,20): error TS2345: Argument of type '{ path: never[]; code: "invalid_union"; unionErrors: z.ZodError<unknown>[]; message: string; }' is not assignable to parameter of type 'string | { [x: string]: unknown; readonly pattern?: string | undefined; readonly format: $ZodStringFormats | (string & {}); readonly input?: string | undefined; readonly code: "invalid_format"; readonly path?: PropertyKey[] | undefined; readonly message?: string | undefined; readonly inst?: $ZodType<...> | ... 1 mor...'.
  Type '{ path: never[]; code: "invalid_union"; unionErrors: z.ZodError<unknown>[]; message: string; }' is not assignable to type '{ [x: string]: unknown; readonly discriminator?: string | undefined; readonly input?: unknown; readonly errors: $ZodIssue[][]; readonly code: "invalid_union"; readonly inclusive?: true | undefined; readonly path?: PropertyKey[] | undefined; readonly message?: string | undefined; readonly inst?: $ZodType<...> | ... 1...'.
    Type '{ path: never[]; code: "invalid_union"; unionErrors: ZodError<unknown>[]; message: string; }' is missing the following properties from type '{ [x: string]: unknown; readonly discriminator?: string | undefined; readonly input?: unknown; readonly errors: []; readonly code: "invalid_union"; readonly inclusive: false; readonly path?: PropertyKey[] | undefined; readonly message?: string | undefined; readonly inst?: $ZodType<...> | ... 1 more ... | undefined; ...': errors, inclusive
test/output/workflow.zod.ts(398,20): error TS2345: Argument of type '{ path: never[]; code: "invalid_union"; unionErrors: z.ZodError<unknown>[]; message: string; }' is not assignable to parameter of type 'string | { [x: string]: unknown; readonly pattern?: string | undefined; readonly format: $ZodStringFormats | (string & {}); readonly input?: string | undefined; readonly code: "invalid_format"; readonly path?: PropertyKey[] | undefined; readonly message?: string | undefined; readonly inst?: $ZodType<...> | ... 1 mor...'.
  Type '{ path: never[]; code: "invalid_union"; unionErrors: z.ZodError<unknown>[]; message: string; }' is not assignable to type '{ [x: string]: unknown; readonly discriminator?: string | undefined; readonly input?: unknown; readonly errors: $ZodIssue[][]; readonly code: "invalid_union"; readonly inclusive?: true | undefined; readonly path?: PropertyKey[] | undefined; readonly message?: string | undefined; readonly inst?: $ZodType<...> | ... 1...'.
    Type '{ path: never[]; code: "invalid_union"; unionErrors: ZodError<unknown>[]; message: string; }' is missing the following properties from type '{ [x: string]: unknown; readonly discriminator?: string | undefined; readonly input?: unknown; readonly errors: []; readonly code: "invalid_union"; readonly inclusive: false; readonly path?: PropertyKey[] | undefined; readonly message?: string | undefined; readonly inst?: $ZodType<...> | ... 1 more ... | undefined; ...': errors, inclusive
test/output/workflow.zod.ts(416,20): error TS2345: Argument of type '{ path: never[]; code: "invalid_union"; unionErrors: z.ZodError<unknown>[]; message: string; }' is not assignable to parameter of type 'string | { [x: string]: unknown; readonly pattern?: string | undefined; readonly format: $ZodStringFormats | (string & {}); readonly input?: string | undefined; readonly code: "invalid_format"; readonly path?: PropertyKey[] | undefined; readonly message?: string | undefined; readonly inst?: $ZodType<...> | ... 1 mor...'.
  Type '{ path: never[]; code: "invalid_union"; unionErrors: z.ZodError<unknown>[]; message: string; }' is not assignable to type '{ [x: string]: unknown; readonly discriminator?: string | undefined; readonly input?: unknown; readonly errors: $ZodIssue[][]; readonly code: "invalid_union"; readonly inclusive?: true | undefined; readonly path?: PropertyKey[] | undefined; readonly message?: string | undefined; readonly inst?: $ZodType<...> | ... 1...'.
    Type '{ path: never[]; code: "invalid_union"; unionErrors: ZodError<unknown>[]; message: string; }' is missing the following properties from type '{ [x: string]: unknown; readonly discriminator?: string | undefined; readonly input?: unknown; readonly errors: []; readonly code: "invalid_union"; readonly inclusive: false; readonly path?: PropertyKey[] | undefined; readonly message?: string | undefined; readonly inst?: $ZodType<...> | ... 1 more ... | undefined; ...': errors, inclusive
test/output/workflow.zod.ts(434,20): error TS2345: Argument of type '{ path: never[]; code: "invalid_union"; unionErrors: z.ZodError<unknown>[]; message: string; }' is not assignable to parameter of type 'string | { [x: string]: unknown; readonly pattern?: string | undefined; readonly format: $ZodStringFormats | (string & {}); readonly input?: string | undefined; readonly code: "invalid_format"; readonly path?: PropertyKey[] | undefined; readonly message?: string | undefined; readonly inst?: $ZodType<...> | ... 1 mor...'.
  Type '{ path: never[]; code: "invalid_union"; unionErrors: z.ZodError<unknown>[]; message: string; }' is not assignable to type '{ [x: string]: unknown; readonly discriminator?: string | undefined; readonly input?: unknown; readonly errors: $ZodIssue[][]; readonly code: "invalid_union"; readonly inclusive?: true | undefined; readonly path?: PropertyKey[] | undefined; readonly message?: string | undefined; readonly inst?: $ZodType<...> | ... 1...'.
    Type '{ path: never[]; code: "invalid_union"; unionErrors: ZodError<unknown>[]; message: string; }' is missing the following properties from type '{ [x: string]: unknown; readonly discriminator?: string | undefined; readonly input?: unknown; readonly errors: []; readonly code: "invalid_union"; readonly inclusive: false; readonly path?: PropertyKey[] | undefined; readonly message?: string | undefined; readonly inst?: $ZodType<...> | ... 1 more ... | undefined; ...': errors, inclusive
test/output/workflow.zod.ts(452,20): error TS2345: Argument of type '{ path: never[]; code: "invalid_union"; unionErrors: z.ZodError<unknown>[]; message: string; }' is not assignable to parameter of type 'string | { [x: string]: unknown; readonly pattern?: string | undefined; readonly format: $ZodStringFormats | (string & {}); readonly input?: string | undefined; readonly code: "invalid_format"; readonly path?: PropertyKey[] | undefined; readonly message?: string | undefined; readonly inst?: $ZodType<...> | ... 1 mor...'.
  Type '{ path: never[]; code: "invalid_union"; unionErrors: z.ZodError<unknown>[]; message: string; }' is not assignable to type '{ [x: string]: unknown; readonly discriminator?: string | undefined; readonly input?: unknown; readonly errors: $ZodIssue[][]; readonly code: "invalid_union"; readonly inclusive?: true | undefined; readonly path?: PropertyKey[] | undefined; readonly message?: string | undefined; readonly inst?: $ZodType<...> | ... 1...'.
    Type '{ path: never[]; code: "invalid_union"; unionErrors: ZodError<unknown>[]; message: string; }' is missing the following properties from type '{ [x: string]: unknown; readonly discriminator?: string | undefined; readonly input?: unknown; readonly errors: []; readonly code: "invalid_union"; readonly inclusive: false; readonly path?: PropertyKey[] | undefined; readonly message?: string | undefined; readonly inst?: $ZodType<...> | ... 1 more ... | undefined; ...': errors, inclusive
test/output/workflow.zod.ts(469,20): error TS2345: Argument of type '{ path: never[]; code: "invalid_union"; unionErrors: z.ZodError<unknown>[]; message: string; }' is not assignable to parameter of type 'string | { [x: string]: unknown; readonly pattern?: string | undefined; readonly format: $ZodStringFormats | (string & {}); readonly input?: string | undefined; readonly code: "invalid_format"; readonly path?: PropertyKey[] | undefined; readonly message?: string | undefined; readonly inst?: $ZodType<...> | ... 1 mor...'.
  Type '{ path: never[]; code: "invalid_union"; unionErrors: z.ZodError<unknown>[]; message: string; }' is not assignable to type '{ [x: string]: unknown; readonly discriminator?: string | undefined; readonly input?: unknown; readonly errors: $ZodIssue[][]; readonly code: "invalid_union"; readonly inclusive?: true | undefined; readonly path?: PropertyKey[] | undefined; readonly message?: string | undefined; readonly inst?: $ZodType<...> | ... 1...'.
    Type '{ path: never[]; code: "invalid_union"; unionErrors: ZodError<unknown>[]; message: string; }' is missing the following properties from type '{ [x: string]: unknown; readonly discriminator?: string | undefined; readonly input?: unknown; readonly errors: []; readonly code: "invalid_union"; readonly inclusive: false; readonly path?: PropertyKey[] | undefined; readonly message?: string | undefined; readonly inst?: $ZodType<...> | ... 1 more ... | undefined; ...': errors, inclusive
test/output/workflow.zod.ts(477,92): error TS2448: Block-scoped variable 'TaskList' used before its declaration.
test/output/workflow.zod.ts(477,92): error TS2454: Variable 'TaskList' is used before being assigned.
test/output/workflow.zod.ts(490,20): error TS2345: Argument of type '{ path: never[]; code: "invalid_union"; unionErrors: z.ZodError<unknown>[]; message: string; }' is not assignable to parameter of type 'string | { [x: string]: unknown; readonly pattern?: string | undefined; readonly format: $ZodStringFormats | (string & {}); readonly input?: string | undefined; readonly code: "invalid_format"; readonly path?: PropertyKey[] | undefined; readonly message?: string | undefined; readonly inst?: $ZodType<...> | ... 1 mor...'.
  Type '{ path: never[]; code: "invalid_union"; unionErrors: z.ZodError<unknown>[]; message: string; }' is not assignable to type '{ [x: string]: unknown; readonly discriminator?: string | undefined; readonly input?: unknown; readonly errors: $ZodIssue[][]; readonly code: "invalid_union"; readonly inclusive?: true | undefined; readonly path?: PropertyKey[] | undefined; readonly message?: string | undefined; readonly inst?: $ZodType<...> | ... 1...'.
    Type '{ path: never[]; code: "invalid_union"; unionErrors: ZodError<unknown>[]; message: string; }' is missing the following properties from type '{ [x: string]: unknown; readonly discriminator?: string | undefined; readonly input?: unknown; readonly errors: []; readonly code: "invalid_union"; readonly inclusive: false; readonly path?: PropertyKey[] | undefined; readonly message?: string | undefined; readonly inst?: $ZodType<...> | ... 1 more ... | undefined; ...': errors, inclusive
test/output/workflow.zod.ts(508,20): error TS2345: Argument of type '{ path: never[]; code: "invalid_union"; unionErrors: z.ZodError<unknown>[]; message: string; }' is not assignable to parameter of type 'string | { [x: string]: unknown; readonly pattern?: string | undefined; readonly format: $ZodStringFormats | (string & {}); readonly input?: string | undefined; readonly code: "invalid_format"; readonly path?: PropertyKey[] | undefined; readonly message?: string | undefined; readonly inst?: $ZodType<...> | ... 1 mor...'.
  Type '{ path: never[]; code: "invalid_union"; unionErrors: z.ZodError<unknown>[]; message: string; }' is not assignable to type '{ [x: string]: unknown; readonly discriminator?: string | undefined; readonly input?: unknown; readonly errors: $ZodIssue[][]; readonly code: "invalid_union"; readonly inclusive?: true | undefined; readonly path?: PropertyKey[] | undefined; readonly message?: string | undefined; readonly inst?: $ZodType<...> | ... 1...'.
    Type '{ path: never[]; code: "invalid_union"; unionErrors: ZodError<unknown>[]; message: string; }' is missing the following properties from type '{ [x: string]: unknown; readonly discriminator?: string | undefined; readonly input?: unknown; readonly errors: []; readonly code: "invalid_union"; readonly inclusive: false; readonly path?: PropertyKey[] | undefined; readonly message?: string | undefined; readonly inst?: $ZodType<...> | ... 1 more ... | undefined; ...': errors, inclusive
test/output/workflow.zod.ts(526,20): error TS2345: Argument of type '{ path: never[]; code: "invalid_union"; unionErrors: z.ZodError<unknown>[]; message: string; }' is not assignable to parameter of type 'string | { [x: string]: unknown; readonly pattern?: string | undefined; readonly format: $ZodStringFormats | (string & {}); readonly input?: string | undefined; readonly code: "invalid_format"; readonly path?: PropertyKey[] | undefined; readonly message?: string | undefined; readonly inst?: $ZodType<...> | ... 1 mor...'.
  Type '{ path: never[]; code: "invalid_union"; unionErrors: z.ZodError<unknown>[]; message: string; }' is not assignable to type '{ [x: string]: unknown; readonly discriminator?: string | undefined; readonly input?: unknown; readonly errors: $ZodIssue[][]; readonly code: "invalid_union"; readonly inclusive?: true | undefined; readonly path?: PropertyKey[] | undefined; readonly message?: string | undefined; readonly inst?: $ZodType<...> | ... 1...'.
    Type '{ path: never[]; code: "invalid_union"; unionErrors: ZodError<unknown>[]; message: string; }' is missing the following properties from type '{ [x: string]: unknown; readonly discriminator?: string | undefined; readonly input?: unknown; readonly errors: []; readonly code: "invalid_union"; readonly inclusive: false; readonly path?: PropertyKey[] | undefined; readonly message?: string | undefined; readonly inst?: $ZodType<...> | ... 1 more ... | undefined; ...': errors, inclusive
test/output/workflow.zod.ts(535,874): error TS2448: Block-scoped variable 'TaskList' used before its declaration.
test/output/workflow.zod.ts(535,874): error TS2454: Variable 'TaskList' is used before being assigned.
test/output/workflow.zod.ts(549,20): error TS2345: Argument of type '{ path: never[]; code: "invalid_union"; unionErrors: z.ZodError<unknown>[]; message: string; }' is not assignable to parameter of type 'string | { [x: string]: unknown; readonly pattern?: string | undefined; readonly format: $ZodStringFormats | (string & {}); readonly input?: string | undefined; readonly code: "invalid_format"; readonly path?: PropertyKey[] | undefined; readonly message?: string | undefined; readonly inst?: $ZodType<...> | ... 1 mor...'.
  Type '{ path: never[]; code: "invalid_union"; unionErrors: z.ZodError<unknown>[]; message: string; }' is not assignable to type '{ [x: string]: unknown; readonly discriminator?: string | undefined; readonly input?: unknown; readonly errors: $ZodIssue[][]; readonly code: "invalid_union"; readonly inclusive?: true | undefined; readonly path?: PropertyKey[] | undefined; readonly message?: string | undefined; readonly inst?: $ZodType<...> | ... 1...'.
    Type '{ path: never[]; code: "invalid_union"; unionErrors: ZodError<unknown>[]; message: string; }' is missing the following properties from type '{ [x: string]: unknown; readonly discriminator?: string | undefined; readonly input?: unknown; readonly errors: []; readonly code: "invalid_union"; readonly inclusive: false; readonly path?: PropertyKey[] | undefined; readonly message?: string | undefined; readonly inst?: $ZodType<...> | ... 1 more ... | undefined; ...': errors, inclusive
test/output/workflow.zod.ts(566,20): error TS2345: Argument of type '{ path: never[]; code: "invalid_union"; unionErrors: z.ZodError<unknown>[]; message: string; }' is not assignable to parameter of type 'string | { [x: string]: unknown; readonly pattern?: string | undefined; readonly format: $ZodStringFormats | (string & {}); readonly input?: string | undefined; readonly code: "invalid_format"; readonly path?: PropertyKey[] | undefined; readonly message?: string | undefined; readonly inst?: $ZodType<...> | ... 1 mor...'.
  Type '{ path: never[]; code: "invalid_union"; unionErrors: z.ZodError<unknown>[]; message: string; }' is not assignable to type '{ [x: string]: unknown; readonly discriminator?: string | undefined; readonly input?: unknown; readonly errors: $ZodIssue[][]; readonly code: "invalid_union"; readonly inclusive?: true | undefined; readonly path?: PropertyKey[] | undefined; readonly message?: string | undefined; readonly inst?: $ZodType<...> | ... 1...'.
    Type '{ path: never[]; code: "invalid_union"; unionErrors: ZodError<unknown>[]; message: string; }' is missing the following properties from type '{ [x: string]: unknown; readonly discriminator?: string | undefined; readonly input?: unknown; readonly errors: []; readonly code: "invalid_union"; readonly inclusive: false; readonly path?: PropertyKey[] | undefined; readonly message?: string | undefined; readonly inst?: $ZodType<...> | ... 1 more ... | undefined; ...': errors, inclusive
test/output/workflow.zod.ts(586,20): error TS2345: Argument of type '{ path: never[]; code: "invalid_union"; unionErrors: z.ZodError<unknown>[]; message: string; }' is not assignable to parameter of type 'string | { [x: string]: unknown; readonly pattern?: string | undefined; readonly format: $ZodStringFormats | (string & {}); readonly input?: string | undefined; readonly code: "invalid_format"; readonly path?: PropertyKey[] | undefined; readonly message?: string | undefined; readonly inst?: $ZodType<...> | ... 1 mor...'.
  Type '{ path: never[]; code: "invalid_union"; unionErrors: z.ZodError<unknown>[]; message: string; }' is not assignable to type '{ [x: string]: unknown; readonly discriminator?: string | undefined; readonly input?: unknown; readonly errors: $ZodIssue[][]; readonly code: "invalid_union"; readonly inclusive?: true | undefined; readonly path?: PropertyKey[] | undefined; readonly message?: string | undefined; readonly inst?: $ZodType<...> | ... 1...'.
    Type '{ path: never[]; code: "invalid_union"; unionErrors: ZodError<unknown>[]; message: string; }' is missing the following properties from type '{ [x: string]: unknown; readonly discriminator?: string | undefined; readonly input?: unknown; readonly errors: []; readonly code: "invalid_union"; readonly inclusive: false; readonly path?: PropertyKey[] | undefined; readonly message?: string | undefined; readonly inst?: $ZodType<...> | ... 1 more ... | undefined; ...': errors, inclusive
test/output/workflow.zod.ts(599,18): error TS2339: Property 'errors' does not exist on type 'ZodError<any>'.
test/output/workflow.zod.ts(599,34): error TS7006: Parameter 'error' implicitly has an 'any' type.
test/output/workflow.zod.ts(614,20): error TS2345: Argument of type '{ path: never[]; code: "invalid_union"; unionErrors: z.ZodError<unknown>[]; message: string; }' is not assignable to parameter of type 'string | { [x: string]: unknown; readonly pattern?: string | undefined; readonly format: $ZodStringFormats | (string & {}); readonly input?: string | undefined; readonly code: "invalid_format"; readonly path?: PropertyKey[] | undefined; readonly message?: string | undefined; readonly inst?: $ZodType<...> | ... 1 mor...'.
  Type '{ path: never[]; code: "invalid_union"; unionErrors: z.ZodError<unknown>[]; message: string; }' is not assignable to type '{ [x: string]: unknown; readonly discriminator?: string | undefined; readonly input?: unknown; readonly errors: $ZodIssue[][]; readonly code: "invalid_union"; readonly inclusive?: true | undefined; readonly path?: PropertyKey[] | undefined; readonly message?: string | undefined; readonly inst?: $ZodType<...> | ... 1...'.
    Type '{ path: never[]; code: "invalid_union"; unionErrors: ZodError<unknown>[]; message: string; }' is missing the following properties from type '{ [x: string]: unknown; readonly discriminator?: string | undefined; readonly input?: unknown; readonly errors: []; readonly code: "invalid_union"; readonly inclusive: false; readonly path?: PropertyKey[] | undefined; readonly message?: string | undefined; readonly inst?: $ZodType<...> | ... 1 more ... | undefined; ...': errors, inclusive
test/output/workflow.zod.ts(631,20): error TS2345: Argument of type '{ path: never[]; code: "invalid_union"; unionErrors: z.ZodError<unknown>[]; message: string; }' is not assignable to parameter of type 'string | { [x: string]: unknown; readonly pattern?: string | undefined; readonly format: $ZodStringFormats | (string & {}); readonly input?: string | undefined; readonly code: "invalid_format"; readonly path?: PropertyKey[] | undefined; readonly message?: string | undefined; readonly inst?: $ZodType<...> | ... 1 mor...'.
  Type '{ path: never[]; code: "invalid_union"; unionErrors: z.ZodError<unknown>[]; message: string; }' is not assignable to type '{ [x: string]: unknown; readonly discriminator?: string | undefined; readonly input?: unknown; readonly errors: $ZodIssue[][]; readonly code: "invalid_union"; readonly inclusive?: true | undefined; readonly path?: PropertyKey[] | undefined; readonly message?: string | undefined; readonly inst?: $ZodType<...> | ... 1...'.
    Type '{ path: never[]; code: "invalid_union"; unionErrors: ZodError<unknown>[]; message: string; }' is missing the following properties from type '{ [x: string]: unknown; readonly discriminator?: string | undefined; readonly input?: unknown; readonly errors: []; readonly code: "invalid_union"; readonly inclusive: false; readonly path?: PropertyKey[] | undefined; readonly message?: string | undefined; readonly inst?: $ZodType<...> | ... 1 more ... | undefined; ...': errors, inclusive
test/output/workflow.zod.ts(650,20): error TS2345: Argument of type '{ path: never[]; code: "invalid_union"; unionErrors: z.ZodError<unknown>[]; message: string; }' is not assignable to parameter of type 'string | { [x: string]: unknown; readonly pattern?: string | undefined; readonly format: $ZodStringFormats | (string & {}); readonly input?: string | undefined; readonly code: "invalid_format"; readonly path?: PropertyKey[] | undefined; readonly message?: string | undefined; readonly inst?: $ZodType<...> | ... 1 mor...'.
  Type '{ path: never[]; code: "invalid_union"; unionErrors: z.ZodError<unknown>[]; message: string; }' is not assignable to type '{ [x: string]: unknown; readonly discriminator?: string | undefined; readonly input?: unknown; readonly errors: $ZodIssue[][]; readonly code: "invalid_union"; readonly inclusive?: true | undefined; readonly path?: PropertyKey[] | undefined; readonly message?: string | undefined; readonly inst?: $ZodType<...> | ... 1...'.
    Type '{ path: never[]; code: "invalid_union"; unionErrors: ZodError<unknown>[]; message: string; }' is missing the following properties from type '{ [x: string]: unknown; readonly discriminator?: string | undefined; readonly input?: unknown; readonly errors: []; readonly code: "invalid_union"; readonly inclusive: false; readonly path?: PropertyKey[] | undefined; readonly message?: string | undefined; readonly inst?: $ZodType<...> | ... 1 more ... | undefined; ...': errors, inclusive
test/output/workflow.zod.ts(671,20): error TS2345: Argument of type '{ path: never[]; code: "invalid_union"; unionErrors: z.ZodError<unknown>[]; message: string; }' is not assignable to parameter of type 'string | { [x: string]: unknown; readonly pattern?: string | undefined; readonly format: $ZodStringFormats | (string & {}); readonly input?: string | undefined; readonly code: "invalid_format"; readonly path?: PropertyKey[] | undefined; readonly message?: string | undefined; readonly inst?: $ZodType<...> | ... 1 mor...'.
  Type '{ path: never[]; code: "invalid_union"; unionErrors: z.ZodError<unknown>[]; message: string; }' is not assignable to type '{ [x: string]: unknown; readonly discriminator?: string | undefined; readonly input?: unknown; readonly errors: $ZodIssue[][]; readonly code: "invalid_union"; readonly inclusive?: true | undefined; readonly path?: PropertyKey[] | undefined; readonly message?: string | undefined; readonly inst?: $ZodType<...> | ... 1...'.
    Type '{ path: never[]; code: "invalid_union"; unionErrors: ZodError<unknown>[]; message: string; }' is missing the following properties from type '{ [x: string]: unknown; readonly discriminator?: string | undefined; readonly input?: unknown; readonly errors: []; readonly code: "invalid_union"; readonly inclusive: false; readonly path?: PropertyKey[] | undefined; readonly message?: string | undefined; readonly inst?: $ZodType<...> | ... 1 more ... | undefined; ...': errors, inclusive
test/output/workflow.zod.ts(679,94): error TS2448: Block-scoped variable 'TaskList' used before its declaration.
test/output/workflow.zod.ts(679,94): error TS2454: Variable 'TaskList' is used before being assigned.
test/output/workflow.zod.ts(690,20): error TS2345: Argument of type '{ path: never[]; code: "invalid_union"; unionErrors: z.ZodError<unknown>[]; message: string; }' is not assignable to parameter of type 'string | { [x: string]: unknown; readonly pattern?: string | undefined; readonly format: $ZodStringFormats | (string & {}); readonly input?: string | undefined; readonly code: "invalid_format"; readonly path?: PropertyKey[] | undefined; readonly message?: string | undefined; readonly inst?: $ZodType<...> | ... 1 mor...'.
  Type '{ path: never[]; code: "invalid_union"; unionErrors: z.ZodError<unknown>[]; message: string; }' is not assignable to type '{ [x: string]: unknown; readonly discriminator?: string | undefined; readonly input?: unknown; readonly errors: $ZodIssue[][]; readonly code: "invalid_union"; readonly inclusive?: true | undefined; readonly path?: PropertyKey[] | undefined; readonly message?: string | undefined; readonly inst?: $ZodType<...> | ... 1...'.
    Type '{ path: never[]; code: "invalid_union"; unionErrors: ZodError<unknown>[]; message: string; }' is missing the following properties from type '{ [x: string]: unknown; readonly discriminator?: string | undefined; readonly input?: unknown; readonly errors: []; readonly code: "invalid_union"; readonly inclusive: false; readonly path?: PropertyKey[] | undefined; readonly message?: string | undefined; readonly inst?: $ZodType<...> | ... 1 more ... | undefined; ...': errors, inclusive
test/output/workflow.zod.ts(710,20): error TS2345: Argument of type '{ path: never[]; code: "invalid_union"; unionErrors: z.ZodError<unknown>[]; message: string; }' is not assignable to parameter of type 'string | { [x: string]: unknown; readonly pattern?: string | undefined; readonly format: $ZodStringFormats | (string & {}); readonly input?: string | undefined; readonly code: "invalid_format"; readonly path?: PropertyKey[] | undefined; readonly message?: string | undefined; readonly inst?: $ZodType<...> | ... 1 mor...'.
  Type '{ path: never[]; code: "invalid_union"; unionErrors: z.ZodError<unknown>[]; message: string; }' is not assignable to type '{ [x: string]: unknown; readonly discriminator?: string | undefined; readonly input?: unknown; readonly errors: $ZodIssue[][]; readonly code: "invalid_union"; readonly inclusive?: true | undefined; readonly path?: PropertyKey[] | undefined; readonly message?: string | undefined; readonly inst?: $ZodType<...> | ... 1...'.
    Type '{ path: never[]; code: "invalid_union"; unionErrors: ZodError<unknown>[]; message: string; }' is missing the following properties from type '{ [x: string]: unknown; readonly discriminator?: string | undefined; readonly input?: unknown; readonly errors: []; readonly code: "invalid_union"; readonly inclusive: false; readonly path?: PropertyKey[] | undefined; readonly message?: string | undefined; readonly inst?: $ZodType<...> | ... 1 more ... | undefined; ...': errors, inclusive
test/output/workflow.zod.ts(733,20): error TS2345: Argument of type '{ path: never[]; code: "invalid_union"; unionErrors: z.ZodError<unknown>[]; message: string; }' is not assignable to parameter of type 'string | { [x: string]: unknown; readonly pattern?: string | undefined; readonly format: $ZodStringFormats | (string & {}); readonly input?: string | undefined; readonly code: "invalid_format"; readonly path?: PropertyKey[] | undefined; readonly message?: string | undefined; readonly inst?: $ZodType<...> | ... 1 mor...'.
  Type '{ path: never[]; code: "invalid_union"; unionErrors: z.ZodError<unknown>[]; message: string; }' is not assignable to type '{ [x: string]: unknown; readonly discriminator?: string | undefined; readonly input?: unknown; readonly errors: $ZodIssue[][]; readonly code: "invalid_union"; readonly inclusive?: true | undefined; readonly path?: PropertyKey[] | undefined; readonly message?: string | undefined; readonly inst?: $ZodType<...> | ... 1...'.
    Type '{ path: never[]; code: "invalid_union"; unionErrors: ZodError<unknown>[]; message: string; }' is missing the following properties from type '{ [x: string]: unknown; readonly discriminator?: string | undefined; readonly input?: unknown; readonly errors: []; readonly code: "invalid_union"; readonly inclusive: false; readonly path?: PropertyKey[] | undefined; readonly message?: string | undefined; readonly inst?: $ZodType<...> | ... 1 more ... | undefined; ...': errors, inclusive
test/output/workflow/schemas/AsyncApiMessageConsumptionPolicy.ts(15,20): error TS2345: Argument of type '{ path: never[]; code: "invalid_union"; unionErrors: z.ZodError<unknown>[]; message: string; }' is not assignable to parameter of type 'string | { [x: string]: unknown; readonly pattern?: string | undefined; readonly format: $ZodStringFormats | (string & {}); readonly input?: string | undefined; readonly code: "invalid_format"; readonly path?: PropertyKey[] | undefined; readonly message?: string | undefined; readonly inst?: $ZodType<...> | ... 1 mor...'.
  Type '{ path: never[]; code: "invalid_union"; unionErrors: z.ZodError<unknown>[]; message: string; }' is not assignable to type '{ [x: string]: unknown; readonly discriminator?: string | undefined; readonly input?: unknown; readonly errors: $ZodIssue[][]; readonly code: "invalid_union"; readonly inclusive?: true | undefined; readonly path?: PropertyKey[] | undefined; readonly message?: string | undefined; readonly inst?: $ZodType<...> | ... 1...'.
    Type '{ path: never[]; code: "invalid_union"; unionErrors: ZodError<unknown>[]; message: string; }' is missing the following properties from type '{ [x: string]: unknown; readonly discriminator?: string | undefined; readonly input?: unknown; readonly errors: []; readonly code: "invalid_union"; readonly inclusive: false; readonly path?: PropertyKey[] | undefined; readonly message?: string | undefined; readonly inst?: $ZodType<...> | ... 1 more ... | undefined; ...': errors, inclusive
test/output/workflow/schemas/AuthenticationPolicy.ts(16,20): error TS2345: Argument of type '{ path: never[]; code: "invalid_union"; unionErrors: z.ZodError<unknown>[]; message: string; }' is not assignable to parameter of type 'string | { [x: string]: unknown; readonly pattern?: string | undefined; readonly format: $ZodStringFormats | (string & {}); readonly input?: string | undefined; readonly code: "invalid_format"; readonly path?: PropertyKey[] | undefined; readonly message?: string | undefined; readonly inst?: $ZodType<...> | ... 1 mor...'.
  Type '{ path: never[]; code: "invalid_union"; unionErrors: z.ZodError<unknown>[]; message: string; }' is not assignable to type '{ [x: string]: unknown; readonly discriminator?: string | undefined; readonly input?: unknown; readonly errors: $ZodIssue[][]; readonly code: "invalid_union"; readonly inclusive?: true | undefined; readonly path?: PropertyKey[] | undefined; readonly message?: string | undefined; readonly inst?: $ZodType<...> | ... 1...'.
    Type '{ path: never[]; code: "invalid_union"; unionErrors: ZodError<unknown>[]; message: string; }' is missing the following properties from type '{ [x: string]: unknown; readonly discriminator?: string | undefined; readonly input?: unknown; readonly errors: []; readonly code: "invalid_union"; readonly inclusive: false; readonly path?: PropertyKey[] | undefined; readonly message?: string | undefined; readonly inst?: $ZodType<...> | ... 1 more ... | undefined; ...': errors, inclusive
test/output/workflow/schemas/AuthenticationPolicy.ts(34,20): error TS2345: Argument of type '{ path: never[]; code: "invalid_union"; unionErrors: z.ZodError<unknown>[]; message: string; }' is not assignable to parameter of type 'string | { [x: string]: unknown; readonly pattern?: string | undefined; readonly format: $ZodStringFormats | (string & {}); readonly input?: string | undefined; readonly code: "invalid_format"; readonly path?: PropertyKey[] | undefined; readonly message?: string | undefined; readonly inst?: $ZodType<...> | ... 1 mor...'.
  Type '{ path: never[]; code: "invalid_union"; unionErrors: z.ZodError<unknown>[]; message: string; }' is not assignable to type '{ [x: string]: unknown; readonly discriminator?: string | undefined; readonly input?: unknown; readonly errors: $ZodIssue[][]; readonly code: "invalid_union"; readonly inclusive?: true | undefined; readonly path?: PropertyKey[] | undefined; readonly message?: string | undefined; readonly inst?: $ZodType<...> | ... 1...'.
    Type '{ path: never[]; code: "invalid_union"; unionErrors: ZodError<unknown>[]; message: string; }' is missing the following properties from type '{ [x: string]: unknown; readonly discriminator?: string | undefined; readonly input?: unknown; readonly errors: []; readonly code: "invalid_union"; readonly inclusive: false; readonly path?: PropertyKey[] | undefined; readonly message?: string | undefined; readonly inst?: $ZodType<...> | ... 1 more ... | undefined; ...': errors, inclusive
test/output/workflow/schemas/AuthenticationPolicy.ts(52,20): error TS2345: Argument of type '{ path: never[]; code: "invalid_union"; unionErrors: z.ZodError<unknown>[]; message: string; }' is not assignable to parameter of type 'string | { [x: string]: unknown; readonly pattern?: string | undefined; readonly format: $ZodStringFormats | (string & {}); readonly input?: string | undefined; readonly code: "invalid_format"; readonly path?: PropertyKey[] | undefined; readonly message?: string | undefined; readonly inst?: $ZodType<...> | ... 1 mor...'.
  Type '{ path: never[]; code: "invalid_union"; unionErrors: z.ZodError<unknown>[]; message: string; }' is not assignable to type '{ [x: string]: unknown; readonly discriminator?: string | undefined; readonly input?: unknown; readonly errors: $ZodIssue[][]; readonly code: "invalid_union"; readonly inclusive?: true | undefined; readonly path?: PropertyKey[] | undefined; readonly message?: string | undefined; readonly inst?: $ZodType<...> | ... 1...'.
    Type '{ path: never[]; code: "invalid_union"; unionErrors: ZodError<unknown>[]; message: string; }' is missing the following properties from type '{ [x: string]: unknown; readonly discriminator?: string | undefined; readonly input?: unknown; readonly errors: []; readonly code: "invalid_union"; readonly inclusive: false; readonly path?: PropertyKey[] | undefined; readonly message?: string | undefined; readonly inst?: $ZodType<...> | ... 1 more ... | undefined; ...': errors, inclusive
test/output/workflow/schemas/AuthenticationPolicy.ts(70,20): error TS2345: Argument of type '{ path: never[]; code: "invalid_union"; unionErrors: z.ZodError<unknown>[]; message: string; }' is not assignable to parameter of type 'string | { [x: string]: unknown; readonly pattern?: string | undefined; readonly format: $ZodStringFormats | (string & {}); readonly input?: string | undefined; readonly code: "invalid_format"; readonly path?: PropertyKey[] | undefined; readonly message?: string | undefined; readonly inst?: $ZodType<...> | ... 1 mor...'.
  Type '{ path: never[]; code: "invalid_union"; unionErrors: z.ZodError<unknown>[]; message: string; }' is not assignable to type '{ [x: string]: unknown; readonly discriminator?: string | undefined; readonly input?: unknown; readonly errors: $ZodIssue[][]; readonly code: "invalid_union"; readonly inclusive?: true | undefined; readonly path?: PropertyKey[] | undefined; readonly message?: string | undefined; readonly inst?: $ZodType<...> | ... 1...'.
    Type '{ path: never[]; code: "invalid_union"; unionErrors: ZodError<unknown>[]; message: string; }' is missing the following properties from type '{ [x: string]: unknown; readonly discriminator?: string | undefined; readonly input?: unknown; readonly errors: []; readonly code: "invalid_union"; readonly inclusive: false; readonly path?: PropertyKey[] | undefined; readonly message?: string | undefined; readonly inst?: $ZodType<...> | ... 1 more ... | undefined; ...': errors, inclusive
test/output/workflow/schemas/AuthenticationPolicy.ts(88,20): error TS2345: Argument of type '{ path: never[]; code: "invalid_union"; unionErrors: z.ZodError<unknown>[]; message: string; }' is not assignable to parameter of type 'string | { [x: string]: unknown; readonly pattern?: string | undefined; readonly format: $ZodStringFormats | (string & {}); readonly input?: string | undefined; readonly code: "invalid_format"; readonly path?: PropertyKey[] | undefined; readonly message?: string | undefined; readonly inst?: $ZodType<...> | ... 1 mor...'.
  Type '{ path: never[]; code: "invalid_union"; unionErrors: z.ZodError<unknown>[]; message: string; }' is not assignable to type '{ [x: string]: unknown; readonly discriminator?: string | undefined; readonly input?: unknown; readonly errors: $ZodIssue[][]; readonly code: "invalid_union"; readonly inclusive?: true | undefined; readonly path?: PropertyKey[] | undefined; readonly message?: string | undefined; readonly inst?: $ZodType<...> | ... 1...'.
    Type '{ path: never[]; code: "invalid_union"; unionErrors: ZodError<unknown>[]; message: string; }' is missing the following properties from type '{ [x: string]: unknown; readonly discriminator?: string | undefined; readonly input?: unknown; readonly errors: []; readonly code: "invalid_union"; readonly inclusive: false; readonly path?: PropertyKey[] | undefined; readonly message?: string | undefined; readonly inst?: $ZodType<...> | ... 1 more ... | undefined; ...': errors, inclusive
test/output/workflow/schemas/AuthenticationPolicy.ts(105,20): error TS2345: Argument of type '{ path: never[]; code: "invalid_union"; unionErrors: z.ZodError<unknown>[]; message: string; }' is not assignable to parameter of type 'string | { [x: string]: unknown; readonly pattern?: string | undefined; readonly format: $ZodStringFormats | (string & {}); readonly input?: string | undefined; readonly code: "invalid_format"; readonly path?: PropertyKey[] | undefined; readonly message?: string | undefined; readonly inst?: $ZodType<...> | ... 1 mor...'.
  Type '{ path: never[]; code: "invalid_union"; unionErrors: z.ZodError<unknown>[]; message: string; }' is not assignable to type '{ [x: string]: unknown; readonly discriminator?: string | undefined; readonly input?: unknown; readonly errors: $ZodIssue[][]; readonly code: "invalid_union"; readonly inclusive?: true | undefined; readonly path?: PropertyKey[] | undefined; readonly message?: string | undefined; readonly inst?: $ZodType<...> | ... 1...'.
    Type '{ path: never[]; code: "invalid_union"; unionErrors: ZodError<unknown>[]; message: string; }' is missing the following properties from type '{ [x: string]: unknown; readonly discriminator?: string | undefined; readonly input?: unknown; readonly errors: []; readonly code: "invalid_union"; readonly inclusive: false; readonly path?: PropertyKey[] | undefined; readonly message?: string | undefined; readonly inst?: $ZodType<...> | ... 1 more ... | undefined; ...': errors, inclusive
test/output/workflow/schemas/CallTask.ts(23,20): error TS2345: Argument of type '{ path: never[]; code: "invalid_union"; unionErrors: z.ZodError<unknown>[]; message: string; }' is not assignable to parameter of type 'string | { [x: string]: unknown; readonly pattern?: string | undefined; readonly format: $ZodStringFormats | (string & {}); readonly input?: string | undefined; readonly code: "invalid_format"; readonly path?: PropertyKey[] | undefined; readonly message?: string | undefined; readonly inst?: $ZodType<...> | ... 1 mor...'.
  Type '{ path: never[]; code: "invalid_union"; unionErrors: z.ZodError<unknown>[]; message: string; }' is not assignable to type '{ [x: string]: unknown; readonly discriminator?: string | undefined; readonly input?: unknown; readonly errors: $ZodIssue[][]; readonly code: "invalid_union"; readonly inclusive?: true | undefined; readonly path?: PropertyKey[] | undefined; readonly message?: string | undefined; readonly inst?: $ZodType<...> | ... 1...'.
    Type '{ path: never[]; code: "invalid_union"; unionErrors: ZodError<unknown>[]; message: string; }' is missing the following properties from type '{ [x: string]: unknown; readonly discriminator?: string | undefined; readonly input?: unknown; readonly errors: []; readonly code: "invalid_union"; readonly inclusive: false; readonly path?: PropertyKey[] | undefined; readonly message?: string | undefined; readonly inst?: $ZodType<...> | ... 1 more ... | undefined; ...': errors, inclusive
test/output/workflow/schemas/CallTask.ts(41,20): error TS2345: Argument of type '{ path: never[]; code: "invalid_union"; unionErrors: z.ZodError<unknown>[]; message: string; }' is not assignable to parameter of type 'string | { [x: string]: unknown; readonly pattern?: string | undefined; readonly format: $ZodStringFormats | (string & {}); readonly input?: string | undefined; readonly code: "invalid_format"; readonly path?: PropertyKey[] | undefined; readonly message?: string | undefined; readonly inst?: $ZodType<...> | ... 1 mor...'.
  Type '{ path: never[]; code: "invalid_union"; unionErrors: z.ZodError<unknown>[]; message: string; }' is not assignable to type '{ [x: string]: unknown; readonly discriminator?: string | undefined; readonly input?: unknown; readonly errors: $ZodIssue[][]; readonly code: "invalid_union"; readonly inclusive?: true | undefined; readonly path?: PropertyKey[] | undefined; readonly message?: string | undefined; readonly inst?: $ZodType<...> | ... 1...'.
    Type '{ path: never[]; code: "invalid_union"; unionErrors: ZodError<unknown>[]; message: string; }' is missing the following properties from type '{ [x: string]: unknown; readonly discriminator?: string | undefined; readonly input?: unknown; readonly errors: []; readonly code: "invalid_union"; readonly inclusive: false; readonly path?: PropertyKey[] | undefined; readonly message?: string | undefined; readonly inst?: $ZodType<...> | ... 1 more ... | undefined; ...': errors, inclusive
test/output/workflow/schemas/CallTask.ts(59,20): error TS2345: Argument of type '{ path: never[]; code: "invalid_union"; unionErrors: z.ZodError<unknown>[]; message: string; }' is not assignable to parameter of type 'string | { [x: string]: unknown; readonly pattern?: string | undefined; readonly format: $ZodStringFormats | (string & {}); readonly input?: string | undefined; readonly code: "invalid_format"; readonly path?: PropertyKey[] | undefined; readonly message?: string | undefined; readonly inst?: $ZodType<...> | ... 1 mor...'.
  Type '{ path: never[]; code: "invalid_union"; unionErrors: z.ZodError<unknown>[]; message: string; }' is not assignable to type '{ [x: string]: unknown; readonly discriminator?: string | undefined; readonly input?: unknown; readonly errors: $ZodIssue[][]; readonly code: "invalid_union"; readonly inclusive?: true | undefined; readonly path?: PropertyKey[] | undefined; readonly message?: string | undefined; readonly inst?: $ZodType<...> | ... 1...'.
    Type '{ path: never[]; code: "invalid_union"; unionErrors: ZodError<unknown>[]; message: string; }' is missing the following properties from type '{ [x: string]: unknown; readonly discriminator?: string | undefined; readonly input?: unknown; readonly errors: []; readonly code: "invalid_union"; readonly inclusive: false; readonly path?: PropertyKey[] | undefined; readonly message?: string | undefined; readonly inst?: $ZodType<...> | ... 1 more ... | undefined; ...': errors, inclusive
test/output/workflow/schemas/CallTask.ts(77,20): error TS2345: Argument of type '{ path: never[]; code: "invalid_union"; unionErrors: z.ZodError<unknown>[]; message: string; }' is not assignable to parameter of type 'string | { [x: string]: unknown; readonly pattern?: string | undefined; readonly format: $ZodStringFormats | (string & {}); readonly input?: string | undefined; readonly code: "invalid_format"; readonly path?: PropertyKey[] | undefined; readonly message?: string | undefined; readonly inst?: $ZodType<...> | ... 1 mor...'.
  Type '{ path: never[]; code: "invalid_union"; unionErrors: z.ZodError<unknown>[]; message: string; }' is not assignable to type '{ [x: string]: unknown; readonly discriminator?: string | undefined; readonly input?: unknown; readonly errors: $ZodIssue[][]; readonly code: "invalid_union"; readonly inclusive?: true | undefined; readonly path?: PropertyKey[] | undefined; readonly message?: string | undefined; readonly inst?: $ZodType<...> | ... 1...'.
    Type '{ path: never[]; code: "invalid_union"; unionErrors: ZodError<unknown>[]; message: string; }' is missing the following properties from type '{ [x: string]: unknown; readonly discriminator?: string | undefined; readonly input?: unknown; readonly errors: []; readonly code: "invalid_union"; readonly inclusive: false; readonly path?: PropertyKey[] | undefined; readonly message?: string | undefined; readonly inst?: $ZodType<...> | ... 1 more ... | undefined; ...': errors, inclusive
test/output/workflow/schemas/CallTask.ts(95,20): error TS2345: Argument of type '{ path: never[]; code: "invalid_union"; unionErrors: z.ZodError<unknown>[]; message: string; }' is not assignable to parameter of type 'string | { [x: string]: unknown; readonly pattern?: string | undefined; readonly format: $ZodStringFormats | (string & {}); readonly input?: string | undefined; readonly code: "invalid_format"; readonly path?: PropertyKey[] | undefined; readonly message?: string | undefined; readonly inst?: $ZodType<...> | ... 1 mor...'.
  Type '{ path: never[]; code: "invalid_union"; unionErrors: z.ZodError<unknown>[]; message: string; }' is not assignable to type '{ [x: string]: unknown; readonly discriminator?: string | undefined; readonly input?: unknown; readonly errors: $ZodIssue[][]; readonly code: "invalid_union"; readonly inclusive?: true | undefined; readonly path?: PropertyKey[] | undefined; readonly message?: string | undefined; readonly inst?: $ZodType<...> | ... 1...'.
    Type '{ path: never[]; code: "invalid_union"; unionErrors: ZodError<unknown>[]; message: string; }' is missing the following properties from type '{ [x: string]: unknown; readonly discriminator?: string | undefined; readonly input?: unknown; readonly errors: []; readonly code: "invalid_union"; readonly inclusive: false; readonly path?: PropertyKey[] | undefined; readonly message?: string | undefined; readonly inst?: $ZodType<...> | ... 1 more ... | undefined; ...': errors, inclusive
test/output/workflow/schemas/CallTask.ts(113,20): error TS2345: Argument of type '{ path: never[]; code: "invalid_union"; unionErrors: z.ZodError<unknown>[]; message: string; }' is not assignable to parameter of type 'string | { [x: string]: unknown; readonly pattern?: string | undefined; readonly format: $ZodStringFormats | (string & {}); readonly input?: string | undefined; readonly code: "invalid_format"; readonly path?: PropertyKey[] | undefined; readonly message?: string | undefined; readonly inst?: $ZodType<...> | ... 1 mor...'.
  Type '{ path: never[]; code: "invalid_union"; unionErrors: z.ZodError<unknown>[]; message: string; }' is not assignable to type '{ [x: string]: unknown; readonly discriminator?: string | undefined; readonly input?: unknown; readonly errors: $ZodIssue[][]; readonly code: "invalid_union"; readonly inclusive?: true | undefined; readonly path?: PropertyKey[] | undefined; readonly message?: string | undefined; readonly inst?: $ZodType<...> | ... 1...'.
    Type '{ path: never[]; code: "invalid_union"; unionErrors: ZodError<unknown>[]; message: string; }' is missing the following properties from type '{ [x: string]: unknown; readonly discriminator?: string | undefined; readonly input?: unknown; readonly errors: []; readonly code: "invalid_union"; readonly inclusive: false; readonly path?: PropertyKey[] | undefined; readonly message?: string | undefined; readonly inst?: $ZodType<...> | ... 1 more ... | undefined; ...': errors, inclusive
test/output/workflow/schemas/CallTask.ts(130,20): error TS2345: Argument of type '{ path: never[]; code: "invalid_union"; unionErrors: z.ZodError<unknown>[]; message: string; }' is not assignable to parameter of type 'string | { [x: string]: unknown; readonly pattern?: string | undefined; readonly format: $ZodStringFormats | (string & {}); readonly input?: string | undefined; readonly code: "invalid_format"; readonly path?: PropertyKey[] | undefined; readonly message?: string | undefined; readonly inst?: $ZodType<...> | ... 1 mor...'.
  Type '{ path: never[]; code: "invalid_union"; unionErrors: z.ZodError<unknown>[]; message: string; }' is not assignable to type '{ [x: string]: unknown; readonly discriminator?: string | undefined; readonly input?: unknown; readonly errors: $ZodIssue[][]; readonly code: "invalid_union"; readonly inclusive?: true | undefined; readonly path?: PropertyKey[] | undefined; readonly message?: string | undefined; readonly inst?: $ZodType<...> | ... 1...'.
    Type '{ path: never[]; code: "invalid_union"; unionErrors: ZodError<unknown>[]; message: string; }' is missing the following properties from type '{ [x: string]: unknown; readonly discriminator?: string | undefined; readonly input?: unknown; readonly errors: []; readonly code: "invalid_union"; readonly inclusive: false; readonly path?: PropertyKey[] | undefined; readonly message?: string | undefined; readonly inst?: $ZodType<...> | ... 1 more ... | undefined; ...': errors, inclusive
test/output/workflow/schemas/ContainerLifetime.ts(8,18): error TS2339: Property 'errors' does not exist on type 'ZodError<any>'.
test/output/workflow/schemas/ContainerLifetime.ts(8,34): error TS7006: Parameter 'error' implicitly has an 'any' type.
test/output/workflow/schemas/Duration.ts(14,20): error TS2345: Argument of type '{ path: never[]; code: "invalid_union"; unionErrors: z.ZodError<unknown>[]; message: string; }' is not assignable to parameter of type 'string | { [x: string]: unknown; readonly pattern?: string | undefined; readonly format: $ZodStringFormats | (string & {}); readonly input?: string | undefined; readonly code: "invalid_format"; readonly path?: PropertyKey[] | undefined; readonly message?: string | undefined; readonly inst?: $ZodType<...> | ... 1 mor...'.
  Type '{ path: never[]; code: "invalid_union"; unionErrors: z.ZodError<unknown>[]; message: string; }' is not assignable to type '{ [x: string]: unknown; readonly discriminator?: string | undefined; readonly input?: unknown; readonly errors: $ZodIssue[][]; readonly code: "invalid_union"; readonly inclusive?: true | undefined; readonly path?: PropertyKey[] | undefined; readonly message?: string | undefined; readonly inst?: $ZodType<...> | ... 1...'.
    Type '{ path: never[]; code: "invalid_union"; unionErrors: ZodError<unknown>[]; message: string; }' is missing the following properties from type '{ [x: string]: unknown; readonly discriminator?: string | undefined; readonly input?: unknown; readonly errors: []; readonly code: "invalid_union"; readonly inclusive: false; readonly path?: PropertyKey[] | undefined; readonly message?: string | undefined; readonly inst?: $ZodType<...> | ... 1 more ... | undefined; ...': errors, inclusive
test/output/workflow/schemas/Endpoint.ts(17,20): error TS2345: Argument of type '{ path: never[]; code: "invalid_union"; unionErrors: z.ZodError<unknown>[]; message: string; }' is not assignable to parameter of type 'string | { [x: string]: unknown; readonly pattern?: string | undefined; readonly format: $ZodStringFormats | (string & {}); readonly input?: string | undefined; readonly code: "invalid_format"; readonly path?: PropertyKey[] | undefined; readonly message?: string | undefined; readonly inst?: $ZodType<...> | ... 1 mor...'.
  Type '{ path: never[]; code: "invalid_union"; unionErrors: z.ZodError<unknown>[]; message: string; }' is not assignable to type '{ [x: string]: unknown; readonly discriminator?: string | undefined; readonly input?: unknown; readonly errors: $ZodIssue[][]; readonly code: "invalid_union"; readonly inclusive?: true | undefined; readonly path?: PropertyKey[] | undefined; readonly message?: string | undefined; readonly inst?: $ZodType<...> | ... 1...'.
    Type '{ path: never[]; code: "invalid_union"; unionErrors: ZodError<unknown>[]; message: string; }' is missing the following properties from type '{ [x: string]: unknown; readonly discriminator?: string | undefined; readonly input?: unknown; readonly errors: []; readonly code: "invalid_union"; readonly inclusive: false; readonly path?: PropertyKey[] | undefined; readonly message?: string | undefined; readonly inst?: $ZodType<...> | ... 1 more ... | undefined; ...': errors, inclusive
test/output/workflow/schemas/Endpoint.ts(34,20): error TS2345: Argument of type '{ path: never[]; code: "invalid_union"; unionErrors: z.ZodError<unknown>[]; message: string; }' is not assignable to parameter of type 'string | { [x: string]: unknown; readonly pattern?: string | undefined; readonly format: $ZodStringFormats | (string & {}); readonly input?: string | undefined; readonly code: "invalid_format"; readonly path?: PropertyKey[] | undefined; readonly message?: string | undefined; readonly inst?: $ZodType<...> | ... 1 mor...'.
  Type '{ path: never[]; code: "invalid_union"; unionErrors: z.ZodError<unknown>[]; message: string; }' is not assignable to type '{ [x: string]: unknown; readonly discriminator?: string | undefined; readonly input?: unknown; readonly errors: $ZodIssue[][]; readonly code: "invalid_union"; readonly inclusive?: true | undefined; readonly path?: PropertyKey[] | undefined; readonly message?: string | undefined; readonly inst?: $ZodType<...> | ... 1...'.
    Type '{ path: never[]; code: "invalid_union"; unionErrors: ZodError<unknown>[]; message: string; }' is missing the following properties from type '{ [x: string]: unknown; readonly discriminator?: string | undefined; readonly input?: unknown; readonly errors: []; readonly code: "invalid_union"; readonly inclusive: false; readonly path?: PropertyKey[] | undefined; readonly message?: string | undefined; readonly inst?: $ZodType<...> | ... 1 more ... | undefined; ...': errors, inclusive
test/output/workflow/schemas/Error.ts(15,20): error TS2345: Argument of type '{ path: never[]; code: "invalid_union"; unionErrors: z.ZodError<unknown>[]; message: string; }' is not assignable to parameter of type 'string | { [x: string]: unknown; readonly pattern?: string | undefined; readonly format: $ZodStringFormats | (string & {}); readonly input?: string | undefined; readonly code: "invalid_format"; readonly path?: PropertyKey[] | undefined; readonly message?: string | undefined; readonly inst?: $ZodType<...> | ... 1 mor...'.
  Type '{ path: never[]; code: "invalid_union"; unionErrors: z.ZodError<unknown>[]; message: string; }' is not assignable to type '{ [x: string]: unknown; readonly discriminator?: string | undefined; readonly input?: unknown; readonly errors: $ZodIssue[][]; readonly code: "invalid_union"; readonly inclusive?: true | undefined; readonly path?: PropertyKey[] | undefined; readonly message?: string | undefined; readonly inst?: $ZodType<...> | ... 1...'.
    Type '{ path: never[]; code: "invalid_union"; unionErrors: ZodError<unknown>[]; message: string; }' is missing the following properties from type '{ [x: string]: unknown; readonly discriminator?: string | undefined; readonly input?: unknown; readonly errors: []; readonly code: "invalid_union"; readonly inclusive: false; readonly path?: PropertyKey[] | undefined; readonly message?: string | undefined; readonly inst?: $ZodType<...> | ... 1 more ... | undefined; ...': errors, inclusive
test/output/workflow/schemas/Error.ts(33,20): error TS2345: Argument of type '{ path: never[]; code: "invalid_union"; unionErrors: z.ZodError<unknown>[]; message: string; }' is not assignable to parameter of type 'string | { [x: string]: unknown; readonly pattern?: string | undefined; readonly format: $ZodStringFormats | (string & {}); readonly input?: string | undefined; readonly code: "invalid_format"; readonly path?: PropertyKey[] | undefined; readonly message?: string | undefined; readonly inst?: $ZodType<...> | ... 1 mor...'.
  Type '{ path: never[]; code: "invalid_union"; unionErrors: z.ZodError<unknown>[]; message: string; }' is not assignable to type '{ [x: string]: unknown; readonly discriminator?: string | undefined; readonly input?: unknown; readonly errors: $ZodIssue[][]; readonly code: "invalid_union"; readonly inclusive?: true | undefined; readonly path?: PropertyKey[] | undefined; readonly message?: string | undefined; readonly inst?: $ZodType<...> | ... 1...'.
    Type '{ path: never[]; code: "invalid_union"; unionErrors: ZodError<unknown>[]; message: string; }' is missing the following properties from type '{ [x: string]: unknown; readonly discriminator?: string | undefined; readonly input?: unknown; readonly errors: []; readonly code: "invalid_union"; readonly inclusive: false; readonly path?: PropertyKey[] | undefined; readonly message?: string | undefined; readonly inst?: $ZodType<...> | ... 1 more ... | undefined; ...': errors, inclusive
test/output/workflow/schemas/EventConsumptionStrategy.ts(15,20): error TS2345: Argument of type '{ path: never[]; code: "invalid_union"; unionErrors: z.ZodError<unknown>[]; message: string; }' is not assignable to parameter of type 'string | { [x: string]: unknown; readonly pattern?: string | undefined; readonly format: $ZodStringFormats | (string & {}); readonly input?: string | undefined; readonly code: "invalid_format"; readonly path?: PropertyKey[] | undefined; readonly message?: string | undefined; readonly inst?: $ZodType<...> | ... 1 mor...'.
  Type '{ path: never[]; code: "invalid_union"; unionErrors: z.ZodError<unknown>[]; message: string; }' is not assignable to type '{ [x: string]: unknown; readonly discriminator?: string | undefined; readonly input?: unknown; readonly errors: $ZodIssue[][]; readonly code: "invalid_union"; readonly inclusive?: true | undefined; readonly path?: PropertyKey[] | undefined; readonly message?: string | undefined; readonly inst?: $ZodType<...> | ... 1...'.
    Type '{ path: never[]; code: "invalid_union"; unionErrors: ZodError<unknown>[]; message: string; }' is missing the following properties from type '{ [x: string]: unknown; readonly discriminator?: string | undefined; readonly input?: unknown; readonly errors: []; readonly code: "invalid_union"; readonly inclusive: false; readonly path?: PropertyKey[] | undefined; readonly message?: string | undefined; readonly inst?: $ZodType<...> | ... 1 more ... | undefined; ...': errors, inclusive
test/output/workflow/schemas/EventConsumptionStrategy.ts(32,20): error TS2345: Argument of type '{ path: never[]; code: "invalid_union"; unionErrors: z.ZodError<unknown>[]; message: string; }' is not assignable to parameter of type 'string | { [x: string]: unknown; readonly pattern?: string | undefined; readonly format: $ZodStringFormats | (string & {}); readonly input?: string | undefined; readonly code: "invalid_format"; readonly path?: PropertyKey[] | undefined; readonly message?: string | undefined; readonly inst?: $ZodType<...> | ... 1 mor...'.
  Type '{ path: never[]; code: "invalid_union"; unionErrors: z.ZodError<unknown>[]; message: string; }' is not assignable to type '{ [x: string]: unknown; readonly discriminator?: string | undefined; readonly input?: unknown; readonly errors: $ZodIssue[][]; readonly code: "invalid_union"; readonly inclusive?: true | undefined; readonly path?: PropertyKey[] | undefined; readonly message?: string | undefined; readonly inst?: $ZodType<...> | ... 1...'.
    Type '{ path: never[]; code: "invalid_union"; unionErrors: ZodError<unknown>[]; message: string; }' is missing the following properties from type '{ [x: string]: unknown; readonly discriminator?: string | undefined; readonly input?: unknown; readonly errors: []; readonly code: "invalid_union"; readonly inclusive: false; readonly path?: PropertyKey[] | undefined; readonly message?: string | undefined; readonly inst?: $ZodType<...> | ... 1 more ... | undefined; ...': errors, inclusive
test/output/workflow/schemas/EventProperties.ts(15,20): error TS2345: Argument of type '{ path: never[]; code: "invalid_union"; unionErrors: z.ZodError<unknown>[]; message: string; }' is not assignable to parameter of type 'string | { [x: string]: unknown; readonly pattern?: string | undefined; readonly format: $ZodStringFormats | (string & {}); readonly input?: string | undefined; readonly code: "invalid_format"; readonly path?: PropertyKey[] | undefined; readonly message?: string | undefined; readonly inst?: $ZodType<...> | ... 1 mor...'.
  Type '{ path: never[]; code: "invalid_union"; unionErrors: z.ZodError<unknown>[]; message: string; }' is not assignable to type '{ [x: string]: unknown; readonly discriminator?: string | undefined; readonly input?: unknown; readonly errors: $ZodIssue[][]; readonly code: "invalid_union"; readonly inclusive?: true | undefined; readonly path?: PropertyKey[] | undefined; readonly message?: string | undefined; readonly inst?: $ZodType<...> | ... 1...'.
    Type '{ path: never[]; code: "invalid_union"; unionErrors: ZodError<unknown>[]; message: string; }' is missing the following properties from type '{ [x: string]: unknown; readonly discriminator?: string | undefined; readonly input?: unknown; readonly errors: []; readonly code: "invalid_union"; readonly inclusive: false; readonly path?: PropertyKey[] | undefined; readonly message?: string | undefined; readonly inst?: $ZodType<...> | ... 1 more ... | undefined; ...': errors, inclusive
test/output/workflow/schemas/EventProperties.ts(33,20): error TS2345: Argument of type '{ path: never[]; code: "invalid_union"; unionErrors: z.ZodError<unknown>[]; message: string; }' is not assignable to parameter of type 'string | { [x: string]: unknown; readonly pattern?: string | undefined; readonly format: $ZodStringFormats | (string & {}); readonly input?: string | undefined; readonly code: "invalid_format"; readonly path?: PropertyKey[] | undefined; readonly message?: string | undefined; readonly inst?: $ZodType<...> | ... 1 mor...'.
  Type '{ path: never[]; code: "invalid_union"; unionErrors: z.ZodError<unknown>[]; message: string; }' is not assignable to type '{ [x: string]: unknown; readonly discriminator?: string | undefined; readonly input?: unknown; readonly errors: $ZodIssue[][]; readonly code: "invalid_union"; readonly inclusive?: true | undefined; readonly path?: PropertyKey[] | undefined; readonly message?: string | undefined; readonly inst?: $ZodType<...> | ... 1...'.
    Type '{ path: never[]; code: "invalid_union"; unionErrors: ZodError<unknown>[]; message: string; }' is missing the following properties from type '{ [x: string]: unknown; readonly discriminator?: string | undefined; readonly input?: unknown; readonly errors: []; readonly code: "invalid_union"; readonly inclusive: false; readonly path?: PropertyKey[] | undefined; readonly message?: string | undefined; readonly inst?: $ZodType<...> | ... 1 more ... | undefined; ...': errors, inclusive
test/output/workflow/schemas/EventProperties.ts(51,20): error TS2345: Argument of type '{ path: never[]; code: "invalid_union"; unionErrors: z.ZodError<unknown>[]; message: string; }' is not assignable to parameter of type 'string | { [x: string]: unknown; readonly pattern?: string | undefined; readonly format: $ZodStringFormats | (string & {}); readonly input?: string | undefined; readonly code: "invalid_format"; readonly path?: PropertyKey[] | undefined; readonly message?: string | undefined; readonly inst?: $ZodType<...> | ... 1 mor...'.
  Type '{ path: never[]; code: "invalid_union"; unionErrors: z.ZodError<unknown>[]; message: string; }' is not assignable to type '{ [x: string]: unknown; readonly discriminator?: string | undefined; readonly input?: unknown; readonly errors: $ZodIssue[][]; readonly code: "invalid_union"; readonly inclusive?: true | undefined; readonly path?: PropertyKey[] | undefined; readonly message?: string | undefined; readonly inst?: $ZodType<...> | ... 1...'.
    Type '{ path: never[]; code: "invalid_union"; unionErrors: ZodError<unknown>[]; message: string; }' is missing the following properties from type '{ [x: string]: unknown; readonly discriminator?: string | undefined; readonly input?: unknown; readonly errors: []; readonly code: "invalid_union"; readonly inclusive: false; readonly path?: PropertyKey[] | undefined; readonly message?: string | undefined; readonly inst?: $ZodType<...> | ... 1 more ... | undefined; ...': errors, inclusive
test/output/workflow/schemas/Export.ts(14,20): error TS2345: Argument of type '{ path: never[]; code: "invalid_union"; unionErrors: z.ZodError<unknown>[]; message: string; }' is not assignable to parameter of type 'string | { [x: string]: unknown; readonly pattern?: string | undefined; readonly format: $ZodStringFormats | (string & {}); readonly input?: string | undefined; readonly code: "invalid_format"; readonly path?: PropertyKey[] | undefined; readonly message?: string | undefined; readonly inst?: $ZodType<...> | ... 1 mor...'.
  Type '{ path: never[]; code: "invalid_union"; unionErrors: z.ZodError<unknown>[]; message: string; }' is not assignable to type '{ [x: string]: unknown; readonly discriminator?: string | undefined; readonly input?: unknown; readonly errors: $ZodIssue[][]; readonly code: "invalid_union"; readonly inclusive?: true | undefined; readonly path?: PropertyKey[] | undefined; readonly message?: string | undefined; readonly inst?: $ZodType<...> | ... 1...'.
    Type '{ path: never[]; code: "invalid_union"; unionErrors: ZodError<unknown>[]; message: string; }' is missing the following properties from type '{ [x: string]: unknown; readonly discriminator?: string | undefined; readonly input?: unknown; readonly errors: []; readonly code: "invalid_union"; readonly inclusive: false; readonly path?: PropertyKey[] | undefined; readonly message?: string | undefined; readonly inst?: $ZodType<...> | ... 1 more ... | undefined; ...': errors, inclusive
test/output/workflow/schemas/Input.ts(14,20): error TS2345: Argument of type '{ path: never[]; code: "invalid_union"; unionErrors: z.ZodError<unknown>[]; message: string; }' is not assignable to parameter of type 'string | { [x: string]: unknown; readonly pattern?: string | undefined; readonly format: $ZodStringFormats | (string & {}); readonly input?: string | undefined; readonly code: "invalid_format"; readonly path?: PropertyKey[] | undefined; readonly message?: string | undefined; readonly inst?: $ZodType<...> | ... 1 mor...'.
  Type '{ path: never[]; code: "invalid_union"; unionErrors: z.ZodError<unknown>[]; message: string; }' is not assignable to type '{ [x: string]: unknown; readonly discriminator?: string | undefined; readonly input?: unknown; readonly errors: $ZodIssue[][]; readonly code: "invalid_union"; readonly inclusive?: true | undefined; readonly path?: PropertyKey[] | undefined; readonly message?: string | undefined; readonly inst?: $ZodType<...> | ... 1...'.
    Type '{ path: never[]; code: "invalid_union"; unionErrors: ZodError<unknown>[]; message: string; }' is missing the following properties from type '{ [x: string]: unknown; readonly discriminator?: string | undefined; readonly input?: unknown; readonly errors: []; readonly code: "invalid_union"; readonly inclusive: false; readonly path?: PropertyKey[] | undefined; readonly message?: string | undefined; readonly inst?: $ZodType<...> | ... 1 more ... | undefined; ...': errors, inclusive
test/output/workflow/schemas/Output.ts(14,20): error TS2345: Argument of type '{ path: never[]; code: "invalid_union"; unionErrors: z.ZodError<unknown>[]; message: string; }' is not assignable to parameter of type 'string | { [x: string]: unknown; readonly pattern?: string | undefined; readonly format: $ZodStringFormats | (string & {}); readonly input?: string | undefined; readonly code: "invalid_format"; readonly path?: PropertyKey[] | undefined; readonly message?: string | undefined; readonly inst?: $ZodType<...> | ... 1 mor...'.
  Type '{ path: never[]; code: "invalid_union"; unionErrors: z.ZodError<unknown>[]; message: string; }' is not assignable to type '{ [x: string]: unknown; readonly discriminator?: string | undefined; readonly input?: unknown; readonly errors: $ZodIssue[][]; readonly code: "invalid_union"; readonly inclusive?: true | undefined; readonly path?: PropertyKey[] | undefined; readonly message?: string | undefined; readonly inst?: $ZodType<...> | ... 1...'.
    Type '{ path: never[]; code: "invalid_union"; unionErrors: ZodError<unknown>[]; message: string; }' is missing the following properties from type '{ [x: string]: unknown; readonly discriminator?: string | undefined; readonly input?: unknown; readonly errors: []; readonly code: "invalid_union"; readonly inclusive: false; readonly path?: PropertyKey[] | undefined; readonly message?: string | undefined; readonly inst?: $ZodType<...> | ... 1 more ... | undefined; ...': errors, inclusive
test/output/workflow/schemas/RaiseTask.ts(15,20): error TS2345: Argument of type '{ path: never[]; code: "invalid_union"; unionErrors: z.ZodError<unknown>[]; message: string; }' is not assignable to parameter of type 'string | { [x: string]: unknown; readonly pattern?: string | undefined; readonly format: $ZodStringFormats | (string & {}); readonly input?: string | undefined; readonly code: "invalid_format"; readonly path?: PropertyKey[] | undefined; readonly message?: string | undefined; readonly inst?: $ZodType<...> | ... 1 mor...'.
  Type '{ path: never[]; code: "invalid_union"; unionErrors: z.ZodError<unknown>[]; message: string; }' is not assignable to type '{ [x: string]: unknown; readonly discriminator?: string | undefined; readonly input?: unknown; readonly errors: $ZodIssue[][]; readonly code: "invalid_union"; readonly inclusive?: true | undefined; readonly path?: PropertyKey[] | undefined; readonly message?: string | undefined; readonly inst?: $ZodType<...> | ... 1...'.
    Type '{ path: never[]; code: "invalid_union"; unionErrors: ZodError<unknown>[]; message: string; }' is missing the following properties from type '{ [x: string]: unknown; readonly discriminator?: string | undefined; readonly input?: unknown; readonly errors: []; readonly code: "invalid_union"; readonly inclusive: false; readonly path?: PropertyKey[] | undefined; readonly message?: string | undefined; readonly inst?: $ZodType<...> | ... 1 more ... | undefined; ...': errors, inclusive
test/output/workflow/schemas/ReferenceableAuthenticationPolicy.ts(14,20): error TS2345: Argument of type '{ path: never[]; code: "invalid_union"; unionErrors: z.ZodError<unknown>[]; message: string; }' is not assignable to parameter of type 'string | { [x: string]: unknown; readonly pattern?: string | undefined; readonly format: $ZodStringFormats | (string & {}); readonly input?: string | undefined; readonly code: "invalid_format"; readonly path?: PropertyKey[] | undefined; readonly message?: string | undefined; readonly inst?: $ZodType<...> | ... 1 mor...'.
  Type '{ path: never[]; code: "invalid_union"; unionErrors: z.ZodError<unknown>[]; message: string; }' is not assignable to type '{ [x: string]: unknown; readonly discriminator?: string | undefined; readonly input?: unknown; readonly errors: $ZodIssue[][]; readonly code: "invalid_union"; readonly inclusive?: true | undefined; readonly path?: PropertyKey[] | undefined; readonly message?: string | undefined; readonly inst?: $ZodType<...> | ... 1...'.
    Type '{ path: never[]; code: "invalid_union"; unionErrors: ZodError<unknown>[]; message: string; }' is missing the following properties from type '{ [x: string]: unknown; readonly discriminator?: string | undefined; readonly input?: unknown; readonly errors: []; readonly code: "invalid_union"; readonly inclusive: false; readonly path?: PropertyKey[] | undefined; readonly message?: string | undefined; readonly inst?: $ZodType<...> | ... 1 more ... | undefined; ...': errors, inclusive
test/output/workflow/schemas/RetryPolicy.ts(14,20): error TS2345: Argument of type '{ path: never[]; code: "invalid_union"; unionErrors: z.ZodError<unknown>[]; message: string; }' is not assignable to parameter of type 'string | { [x: string]: unknown; readonly pattern?: string | undefined; readonly format: $ZodStringFormats | (string & {}); readonly input?: string | undefined; readonly code: "invalid_format"; readonly path?: PropertyKey[] | undefined; readonly message?: string | undefined; readonly inst?: $ZodType<...> | ... 1 mor...'.
  Type '{ path: never[]; code: "invalid_union"; unionErrors: z.ZodError<unknown>[]; message: string; }' is not assignable to type '{ [x: string]: unknown; readonly discriminator?: string | undefined; readonly input?: unknown; readonly errors: $ZodIssue[][]; readonly code: "invalid_union"; readonly inclusive?: true | undefined; readonly path?: PropertyKey[] | undefined; readonly message?: string | undefined; readonly inst?: $ZodType<...> | ... 1...'.
    Type '{ path: never[]; code: "invalid_union"; unionErrors: ZodError<unknown>[]; message: string; }' is missing the following properties from type '{ [x: string]: unknown; readonly discriminator?: string | undefined; readonly input?: unknown; readonly errors: []; readonly code: "invalid_union"; readonly inclusive: false; readonly path?: PropertyKey[] | undefined; readonly message?: string | undefined; readonly inst?: $ZodType<...> | ... 1 more ... | undefined; ...': errors, inclusive
test/output/workflow/schemas/RunTask.ts(17,20): error TS2345: Argument of type '{ path: never[]; code: "invalid_union"; unionErrors: z.ZodError<unknown>[]; message: string; }' is not assignable to parameter of type 'string | { [x: string]: unknown; readonly pattern?: string | undefined; readonly format: $ZodStringFormats | (string & {}); readonly input?: string | undefined; readonly code: "invalid_format"; readonly path?: PropertyKey[] | undefined; readonly message?: string | undefined; readonly inst?: $ZodType<...> | ... 1 mor...'.
  Type '{ path: never[]; code: "invalid_union"; unionErrors: z.ZodError<unknown>[]; message: string; }' is not assignable to type '{ [x: string]: unknown; readonly discriminator?: string | undefined; readonly input?: unknown; readonly errors: $ZodIssue[][]; readonly code: "invalid_union"; readonly inclusive?: true | undefined; readonly path?: PropertyKey[] | undefined; readonly message?: string | undefined; readonly inst?: $ZodType<...> | ... 1...'.
    Type '{ path: never[]; code: "invalid_union"; unionErrors: ZodError<unknown>[]; message: string; }' is missing the following properties from type '{ [x: string]: unknown; readonly discriminator?: string | undefined; readonly input?: unknown; readonly errors: []; readonly code: "invalid_union"; readonly inclusive: false; readonly path?: PropertyKey[] | undefined; readonly message?: string | undefined; readonly inst?: $ZodType<...> | ... 1 more ... | undefined; ...': errors, inclusive
test/output/workflow/schemas/RunTask.ts(34,20): error TS2345: Argument of type '{ path: never[]; code: "invalid_union"; unionErrors: z.ZodError<unknown>[]; message: string; }' is not assignable to parameter of type 'string | { [x: string]: unknown; readonly pattern?: string | undefined; readonly format: $ZodStringFormats | (string & {}); readonly input?: string | undefined; readonly code: "invalid_format"; readonly path?: PropertyKey[] | undefined; readonly message?: string | undefined; readonly inst?: $ZodType<...> | ... 1 mor...'.
  Type '{ path: never[]; code: "invalid_union"; unionErrors: z.ZodError<unknown>[]; message: string; }' is not assignable to type '{ [x: string]: unknown; readonly discriminator?: string | undefined; readonly input?: unknown; readonly errors: $ZodIssue[][]; readonly code: "invalid_union"; readonly inclusive?: true | undefined; readonly path?: PropertyKey[] | undefined; readonly message?: string | undefined; readonly inst?: $ZodType<...> | ... 1...'.
    Type '{ path: never[]; code: "invalid_union"; unionErrors: ZodError<unknown>[]; message: string; }' is missing the following properties from type '{ [x: string]: unknown; readonly discriminator?: string | undefined; readonly input?: unknown; readonly errors: []; readonly code: "invalid_union"; readonly inclusive: false; readonly path?: PropertyKey[] | undefined; readonly message?: string | undefined; readonly inst?: $ZodType<...> | ... 1 more ... | undefined; ...': errors, inclusive
test/output/workflow/schemas/Schema.ts(14,20): error TS2345: Argument of type '{ path: never[]; code: "invalid_union"; unionErrors: z.ZodError<unknown>[]; message: string; }' is not assignable to parameter of type 'string | { [x: string]: unknown; readonly pattern?: string | undefined; readonly format: $ZodStringFormats | (string & {}); readonly input?: string | undefined; readonly code: "invalid_format"; readonly path?: PropertyKey[] | undefined; readonly message?: string | undefined; readonly inst?: $ZodType<...> | ... 1 mor...'.
  Type '{ path: never[]; code: "invalid_union"; unionErrors: z.ZodError<unknown>[]; message: string; }' is not assignable to type '{ [x: string]: unknown; readonly discriminator?: string | undefined; readonly input?: unknown; readonly errors: $ZodIssue[][]; readonly code: "invalid_union"; readonly inclusive?: true | undefined; readonly path?: PropertyKey[] | undefined; readonly message?: string | undefined; readonly inst?: $ZodType<...> | ... 1...'.
    Type '{ path: never[]; code: "invalid_union"; unionErrors: ZodError<unknown>[]; message: string; }' is missing the following properties from type '{ [x: string]: unknown; readonly discriminator?: string | undefined; readonly input?: unknown; readonly errors: []; readonly code: "invalid_union"; readonly inclusive: false; readonly path?: PropertyKey[] | undefined; readonly message?: string | undefined; readonly inst?: $ZodType<...> | ... 1 more ... | undefined; ...': errors, inclusive
test/output/workflow/schemas/SetTask.ts(14,20): error TS2345: Argument of type '{ path: never[]; code: "invalid_union"; unionErrors: z.ZodError<unknown>[]; message: string; }' is not assignable to parameter of type 'string | { [x: string]: unknown; readonly pattern?: string | undefined; readonly format: $ZodStringFormats | (string & {}); readonly input?: string | undefined; readonly code: "invalid_format"; readonly path?: PropertyKey[] | undefined; readonly message?: string | undefined; readonly inst?: $ZodType<...> | ... 1 mor...'.
  Type '{ path: never[]; code: "invalid_union"; unionErrors: z.ZodError<unknown>[]; message: string; }' is not assignable to type '{ [x: string]: unknown; readonly discriminator?: string | undefined; readonly input?: unknown; readonly errors: $ZodIssue[][]; readonly code: "invalid_union"; readonly inclusive?: true | undefined; readonly path?: PropertyKey[] | undefined; readonly message?: string | undefined; readonly inst?: $ZodType<...> | ... 1...'.
    Type '{ path: never[]; code: "invalid_union"; unionErrors: ZodError<unknown>[]; message: string; }' is missing the following properties from type '{ [x: string]: unknown; readonly discriminator?: string | undefined; readonly input?: unknown; readonly errors: []; readonly code: "invalid_union"; readonly inclusive: false; readonly path?: PropertyKey[] | undefined; readonly message?: string | undefined; readonly inst?: $ZodType<...> | ... 1 more ... | undefined; ...': errors, inclusive
test/output/workflow/schemas/Task.ts(25,20): error TS2345: Argument of type '{ path: never[]; code: "invalid_union"; unionErrors: z.ZodError<unknown>[]; message: string; }' is not assignable to parameter of type 'string | { [x: string]: unknown; readonly pattern?: string | undefined; readonly format: $ZodStringFormats | (string & {}); readonly input?: string | undefined; readonly code: "invalid_format"; readonly path?: PropertyKey[] | undefined; readonly message?: string | undefined; readonly inst?: $ZodType<...> | ... 1 mor...'.
  Type '{ path: never[]; code: "invalid_union"; unionErrors: z.ZodError<unknown>[]; message: string; }' is not assignable to type '{ [x: string]: unknown; readonly discriminator?: string | undefined; readonly input?: unknown; readonly errors: $ZodIssue[][]; readonly code: "invalid_union"; readonly inclusive?: true | undefined; readonly path?: PropertyKey[] | undefined; readonly message?: string | undefined; readonly inst?: $ZodType<...> | ... 1...'.
    Type '{ path: never[]; code: "invalid_union"; unionErrors: ZodError<unknown>[]; message: string; }' is missing the following properties from type '{ [x: string]: unknown; readonly discriminator?: string | undefined; readonly input?: unknown; readonly errors: []; readonly code: "invalid_union"; readonly inclusive: false; readonly path?: PropertyKey[] | undefined; readonly message?: string | undefined; readonly inst?: $ZodType<...> | ... 1 more ... | undefined; ...': errors, inclusive
test/output/workflow/schemas/TaskBase.ts(18,20): error TS2345: Argument of type '{ path: never[]; code: "invalid_union"; unionErrors: z.ZodError<unknown>[]; message: string; }' is not assignable to parameter of type 'string | { [x: string]: unknown; readonly pattern?: string | undefined; readonly format: $ZodStringFormats | (string & {}); readonly input?: string | undefined; readonly code: "invalid_format"; readonly path?: PropertyKey[] | undefined; readonly message?: string | undefined; readonly inst?: $ZodType<...> | ... 1 mor...'.
  Type '{ path: never[]; code: "invalid_union"; unionErrors: z.ZodError<unknown>[]; message: string; }' is not assignable to type '{ [x: string]: unknown; readonly discriminator?: string | undefined; readonly input?: unknown; readonly errors: $ZodIssue[][]; readonly code: "invalid_union"; readonly inclusive?: true | undefined; readonly path?: PropertyKey[] | undefined; readonly message?: string | undefined; readonly inst?: $ZodType<...> | ... 1...'.
    Type '{ path: never[]; code: "invalid_union"; unionErrors: ZodError<unknown>[]; message: string; }' is missing the following properties from type '{ [x: string]: unknown; readonly discriminator?: string | undefined; readonly input?: unknown; readonly errors: []; readonly code: "invalid_union"; readonly inclusive: false; readonly path?: PropertyKey[] | undefined; readonly message?: string | undefined; readonly inst?: $ZodType<...> | ... 1 more ... | undefined; ...': errors, inclusive
test/output/workflow/schemas/TryTask.ts(17,20): error TS2345: Argument of type '{ path: never[]; code: "invalid_union"; unionErrors: z.ZodError<unknown>[]; message: string; }' is not assignable to parameter of type 'string | { [x: string]: unknown; readonly pattern?: string | undefined; readonly format: $ZodStringFormats | (string & {}); readonly input?: string | undefined; readonly code: "invalid_format"; readonly path?: PropertyKey[] | undefined; readonly message?: string | undefined; readonly inst?: $ZodType<...> | ... 1 mor...'.
  Type '{ path: never[]; code: "invalid_union"; unionErrors: z.ZodError<unknown>[]; message: string; }' is not assignable to type '{ [x: string]: unknown; readonly discriminator?: string | undefined; readonly input?: unknown; readonly errors: $ZodIssue[][]; readonly code: "invalid_union"; readonly inclusive?: true | undefined; readonly path?: PropertyKey[] | undefined; readonly message?: string | undefined; readonly inst?: $ZodType<...> | ... 1...'.
    Type '{ path: never[]; code: "invalid_union"; unionErrors: ZodError<unknown>[]; message: string; }' is missing the following properties from type '{ [x: string]: unknown; readonly discriminator?: string | undefined; readonly input?: unknown; readonly errors: []; readonly code: "invalid_union"; readonly inclusive: false; readonly path?: PropertyKey[] | undefined; readonly message?: string | undefined; readonly inst?: $ZodType<...> | ... 1 more ... | undefined; ...': errors, inclusive
test/output/workflow/schemas/workflowSchema.ts(26,20): error TS2345: Argument of type '{ path: never[]; code: "invalid_union"; unionErrors: z.ZodError<unknown>[]; message: string; }' is not assignable to parameter of type 'string | { [x: string]: unknown; readonly pattern?: string | undefined; readonly format: $ZodStringFormats | (string & {}); readonly input?: string | undefined; readonly code: "invalid_format"; readonly path?: PropertyKey[] | undefined; readonly message?: string | undefined; readonly inst?: $ZodType<...> | ... 1 mor...'.
  Type '{ path: never[]; code: "invalid_union"; unionErrors: z.ZodError<unknown>[]; message: string; }' is not assignable to type '{ [x: string]: unknown; readonly discriminator?: string | undefined; readonly input?: unknown; readonly errors: $ZodIssue[][]; readonly code: "invalid_union"; readonly inclusive?: true | undefined; readonly path?: PropertyKey[] | undefined; readonly message?: string | undefined; readonly inst?: $ZodType<...> | ... 1...'.
    Type '{ path: never[]; code: "invalid_union"; unionErrors: ZodError<unknown>[]; message: string; }' is missing the following properties from type '{ [x: string]: unknown; readonly discriminator?: string | undefined; readonly input?: unknown; readonly errors: []; readonly code: "invalid_union"; readonly inclusive: false; readonly path?: PropertyKey[] | undefined; readonly message?: string | undefined; readonly inst?: $ZodType<...> | ... 1 more ... | undefined; ...': errors, inclusive
test/parsers/parseAllOf.test.ts(1,28): error TS2835: Relative import paths need explicit file extensions in ECMAScript imports when '--moduleResolution' is 'node16' or 'nodenext'. Did you mean '../../src/parsers/parseAllOf.js'?
test/parsers/parseAllOf.test.ts(2,23): error TS2835: Relative import paths need explicit file extensions in ECMAScript imports when '--moduleResolution' is 'node16' or 'nodenext'. Did you mean '../suite.js'?
test/parsers/parseAllOf.test.ts(4,22): error TS7006: Parameter 'test' implicitly has an 'any' type.
test/parsers/parseAllOf.test.ts(5,41): error TS7006: Parameter 'assert' implicitly has an 'any' type.
test/parsers/parseAllOf.test.ts(17,38): error TS7006: Parameter 'assert' implicitly has an 'any' type.
test/parsers/parseAllOf.test.ts(29,39): error TS7006: Parameter 'assert' implicitly has an 'any' type.
test/parsers/parseAnyOf.test.ts(1,28): error TS2835: Relative import paths need explicit file extensions in ECMAScript imports when '--moduleResolution' is 'node16' or 'nodenext'. Did you mean '../../src/parsers/parseAnyOf.js'?
test/parsers/parseAnyOf.test.ts(2,23): error TS2835: Relative import paths need explicit file extensions in ECMAScript imports when '--moduleResolution' is 'node16' or 'nodenext'. Did you mean '../suite.js'?
test/parsers/parseAnyOf.test.ts(4,22): error TS7006: Parameter 'test' implicitly has an 'any' type.
test/parsers/parseAnyOf.test.ts(5,59): error TS7006: Parameter 'assert' implicitly has an 'any' type.
test/parsers/parseAnyOf.test.ts(22,43): error TS7006: Parameter 'assert' implicitly has an 'any' type.
test/parsers/parseAnyOf.test.ts(32,52): error TS7006: Parameter 'assert' implicitly has an 'any' type.
test/parsers/parseArray.test.ts(1,28): error TS2835: Relative import paths need explicit file extensions in ECMAScript imports when '--moduleResolution' is 'node16' or 'nodenext'. Did you mean '../../src/parsers/parseArray.js'?
test/parsers/parseArray.test.ts(2,23): error TS2835: Relative import paths need explicit file extensions in ECMAScript imports when '--moduleResolution' is 'node16' or 'nodenext'. Did you mean '../suite.js'?
test/parsers/parseArray.test.ts(4,22): error TS7006: Parameter 'test' implicitly has an 'any' type.
test/parsers/parseArray.test.ts(5,49): error TS7006: Parameter 'assert' implicitly has an 'any' type.
test/parsers/parseArray.test.ts(25,50): error TS7006: Parameter 'assert' implicitly has an 'any' type.
test/parsers/parseArray.test.ts(40,43): error TS7006: Parameter 'assert' implicitly has an 'any' type.
test/parsers/parseArray.test.ts(56,46): error TS7006: Parameter 'assert' implicitly has an 'any' type.
test/parsers/parseConst.test.ts(1,28): error TS2835: Relative import paths need explicit file extensions in ECMAScript imports when '--moduleResolution' is 'node16' or 'nodenext'. Did you mean '../../src/parsers/parseConst.js'?
test/parsers/parseConst.test.ts(2,23): error TS2835: Relative import paths need explicit file extensions in ECMAScript imports when '--moduleResolution' is 'node16' or 'nodenext'. Did you mean '../suite.js'?
test/parsers/parseConst.test.ts(4,22): error TS7006: Parameter 'test' implicitly has an 'any' type.
test/parsers/parseConst.test.ts(5,42): error TS7006: Parameter 'assert' implicitly has an 'any' type.
test/parsers/parseEnum.test.ts(1,27): error TS2835: Relative import paths need explicit file extensions in ECMAScript imports when '--moduleResolution' is 'node16' or 'nodenext'. Did you mean '../../src/parsers/parseEnum.js'?
test/parsers/parseEnum.test.ts(2,23): error TS2835: Relative import paths need explicit file extensions in ECMAScript imports when '--moduleResolution' is 'node16' or 'nodenext'. Did you mean '../suite.js'?
test/parsers/parseEnum.test.ts(4,21): error TS7006: Parameter 'test' implicitly has an 'any' type.
test/parsers/parseEnum.test.ts(5,48): error TS7006: Parameter 'assert' implicitly has an 'any' type.
test/parsers/parseEnum.test.ts(16,56): error TS7006: Parameter 'assert' implicitly has an 'any' type.
test/parsers/parseEnum.test.ts(27,55): error TS7006: Parameter 'assert' implicitly has an 'any' type.
test/parsers/parseEnum.test.ts(37,49): error TS7006: Parameter 'assert' implicitly has an 'any' type.
test/parsers/parseMultipleType.test.ts(1,29): error TS2835: Relative import paths need explicit file extensions in ECMAScript imports when '--moduleResolution' is 'node16' or 'nodenext'. Did you mean '../../src/parsers/parseSchema.js'?
test/parsers/parseMultipleType.test.ts(2,23): error TS2835: Relative import paths need explicit file extensions in ECMAScript imports when '--moduleResolution' is 'node16' or 'nodenext'. Did you mean '../suite.js'?
test/parsers/parseMultipleType.test.ts(4,29): error TS7006: Parameter 'test' implicitly has an 'any' type.
test/parsers/parseMultipleType.test.ts(5,72): error TS7006: Parameter 'assert' implicitly has an 'any' type.
test/parsers/parseNot.test.ts(1,26): error TS2835: Relative import paths need explicit file extensions in ECMAScript imports when '--moduleResolution' is 'node16' or 'nodenext'. Did you mean '../../src/parsers/parseNot.js'?
test/parsers/parseNot.test.ts(2,23): error TS2835: Relative import paths need explicit file extensions in ECMAScript imports when '--moduleResolution' is 'node16' or 'nodenext'. Did you mean '../suite.js'?
test/parsers/parseNot.test.ts(4,20): error TS7006: Parameter 'test' implicitly has an 'any' type.
test/parsers/parseNot.test.ts(5,13): error TS7006: Parameter 'assert' implicitly has an 'any' type.
test/parsers/parseNullable.test.ts(1,29): error TS2834: Relative import paths need explicit file extensions in ECMAScript imports when '--moduleResolution' is 'node16' or 'nodenext'. Consider adding an extension to the import path.
test/parsers/parseNullable.test.ts(2,23): error TS2835: Relative import paths need explicit file extensions in ECMAScript imports when '--moduleResolution' is 'node16' or 'nodenext'. Did you mean '../suite.js'?
test/parsers/parseNullable.test.ts(4,25): error TS7006: Parameter 'test' implicitly has an 'any' type.
test/parsers/parseNullable.test.ts(5,53): error TS7006: Parameter 'assert' implicitly has an 'any' type.
test/parsers/parseNumber.test.ts(1,29): error TS2835: Relative import paths need explicit file extensions in ECMAScript imports when '--moduleResolution' is 'node16' or 'nodenext'. Did you mean '../../src/parsers/parseNumber.js'?
test/parsers/parseNumber.test.ts(2,23): error TS2835: Relative import paths need explicit file extensions in ECMAScript imports when '--moduleResolution' is 'node16' or 'nodenext'. Did you mean '../suite.js'?
test/parsers/parseNumber.test.ts(4,23): error TS7006: Parameter 'test' implicitly has an 'any' type.
test/parsers/parseNumber.test.ts(5,34): error TS7006: Parameter 'assert' implicitly has an 'any' type.
test/parsers/parseNumber.test.ts(30,56): error TS7006: Parameter 'assert' implicitly has an 'any' type.
test/parsers/parseNumber.test.ts(41,56): error TS7006: Parameter 'assert' implicitly has an 'any' type.
test/parsers/parseNumber.test.ts(51,56): error TS7006: Parameter 'assert' implicitly has an 'any' type.
test/parsers/parseNumber.test.ts(62,51): error TS7006: Parameter 'assert' implicitly has an 'any' type.
test/parsers/parseNumber.test.ts(72,57): error TS7006: Parameter 'assert' implicitly has an 'any' type.
test/parsers/parseNumber.test.ts(99,39): error TS7006: Parameter 'assert' implicitly has an 'any' type.
test/parsers/parseNumber.test.ts(119,38): error TS7006: Parameter 'assert' implicitly has an 'any' type.
test/parsers/parseObject.test.ts(4,29): error TS2835: Relative import paths need explicit file extensions in ECMAScript imports when '--moduleResolution' is 'node16' or 'nodenext'. Did you mean '../../src/parsers/parseObject.js'?
test/parsers/parseObject.test.ts(5,23): error TS2835: Relative import paths need explicit file extensions in ECMAScript imports when '--moduleResolution' is 'node16' or 'nodenext'. Did you mean '../suite.js'?
test/parsers/parseObject.test.ts(11,23): error TS7006: Parameter 'test' implicitly has an 'any' type.
test/parsers/parseObject.test.ts(12,50): error TS7006: Parameter 'assert' implicitly has an 'any' type.
test/parsers/parseObject.test.ts(24,48): error TS7006: Parameter 'assert' implicitly has an 'any' type.
test/parsers/parseObject.test.ts(37,77): error TS7006: Parameter 'assert' implicitly has an 'any' type.
test/parsers/parseObject.test.ts(59,83): error TS7006: Parameter 'assert' implicitly has an 'any' type.
test/parsers/parseObject.test.ts(78,82): error TS7006: Parameter 'assert' implicitly has an 'any' type.
test/parsers/parseObject.test.ts(97,88): error TS7006: Parameter 'assert' implicitly has an 'any' type.
test/parsers/parseObject.test.ts(117,86): error TS7006: Parameter 'assert' implicitly has an 'any' type.
test/parsers/parseObject.test.ts(130,85): error TS7006: Parameter 'assert' implicitly has an 'any' type.
test/parsers/parseObject.test.ts(143,91): error TS7006: Parameter 'assert' implicitly has an 'any' type.
test/parsers/parseObject.test.ts(157,63): error TS7006: Parameter 'assert' implicitly has an 'any' type.
test/parsers/parseObject.test.ts(175,15): error TS7006: Parameter 'assert' implicitly has an 'any' type.
test/parsers/parseObject.test.ts(359,73): error TS7006: Parameter 'assert' implicitly has an 'any' type.
test/parsers/parseObject.test.ts(370,15): error TS2353: Object literal may only specify known properties, and 'unevaluatedProperties' does not exist in type 'JSONSchema7'.
test/parsers/parseObject.test.ts(402,101): error TS7006: Parameter 'assert' implicitly has an 'any' type.
test/parsers/parseObject.test.ts(429,34): error TS7006: Parameter 'assert' implicitly has an 'any' type.
test/parsers/parseObject.test.ts(436,41): error TS7006: Parameter 'assert' implicitly has an 'any' type.
test/parsers/parseObject.test.ts(469,66): error TS7006: Parameter 'assert' implicitly has an 'any' type.
test/parsers/parseObject.test.ts(494,75): error TS7006: Parameter 'assert' implicitly has an 'any' type.
test/parsers/parseObject.test.ts(517,85): error TS7006: Parameter 'assert' implicitly has an 'any' type.
test/parsers/parseObject.test.ts(564,51): error TS7006: Parameter 'assert' implicitly has an 'any' type.
test/parsers/parseObject.test.ts(577,73): error TS7006: Parameter 'assert' implicitly has an 'any' type.
test/parsers/parseObject.test.ts(617,60): error TS7006: Parameter 'assert' implicitly has an 'any' type.
test/parsers/parseObject.test.ts(631,48): error TS7006: Parameter 'assert' implicitly has an 'any' type.
test/parsers/parseObject.test.ts(650,63): error TS7006: Parameter 'assert' implicitly has an 'any' type.
test/parsers/parseObject.test.ts(674,30): error TS7006: Parameter 'assert' implicitly has an 'any' type.
test/parsers/parseObject.test.ts(682,7): error TS2353: Object literal may only specify known properties, and 'dependentRequired' does not exist in type 'JSONSchema7 & { type: "object"; }'.
test/parsers/parseObject.test.ts(693,50): error TS7006: Parameter 'assert' implicitly has an 'any' type.
test/parsers/parseObject.test.ts(700,7): error TS2353: Object literal may only specify known properties, and 'dependentRequired' does not exist in type 'JSONSchema7 & { type: "object"; }'.
test/parsers/parseOneOf.test.ts(1,28): error TS2835: Relative import paths need explicit file extensions in ECMAScript imports when '--moduleResolution' is 'node16' or 'nodenext'. Did you mean '../../src/parsers/parseOneOf.js'?
test/parsers/parseOneOf.test.ts(2,23): error TS2835: Relative import paths need explicit file extensions in ECMAScript imports when '--moduleResolution' is 'node16' or 'nodenext'. Did you mean '../suite.js'?
test/parsers/parseOneOf.test.ts(4,22): error TS7006: Parameter 'test' implicitly has an 'any' type.
test/parsers/parseOneOf.test.ts(5,52): error TS7006: Parameter 'assert' implicitly has an 'any' type.
test/parsers/parseOneOf.test.ts(22,86): error TS7006: Parameter 'assert' implicitly has an 'any' type.
test/parsers/parseOneOf.test.ts(57,43): error TS7006: Parameter 'assert' implicitly has an 'any' type.
test/parsers/parseOneOf.test.ts(67,52): error TS7006: Parameter 'assert' implicitly has an 'any' type.
test/parsers/parseSchema.test.ts(2,23): error TS2835: Relative import paths need explicit file extensions in ECMAScript imports when '--moduleResolution' is 'node16' or 'nodenext'. Did you mean '../suite.js'?
test/parsers/parseSchema.test.ts(4,23): error TS7006: Parameter 'test' implicitly has an 'any' type.
test/parsers/parseSchema.test.ts(5,52): error TS7006: Parameter 'assert' implicitly has an 'any' type.
test/parsers/parseSchema.test.ts(9,51): error TS7006: Parameter 'assert' implicitly has an 'any' type.
test/parsers/parseSchema.test.ts(27,61): error TS7006: Parameter 'assert' implicitly has an 'any' type.
test/parsers/parseSchema.test.ts(34,35): error TS7006: Parameter 'assert' implicitly has an 'any' type.
test/parsers/parseSchema.test.ts(47,31): error TS7006: Parameter 'assert' implicitly has an 'any' type.
test/parsers/parseSchema.test.ts(54,40): error TS7006: Parameter 'assert' implicitly has an 'any' type.
test/parsers/parseSchema.test.ts(63,44): error TS7006: Parameter 'assert' implicitly has an 'any' type.
test/parsers/parseSchema.test.ts(82,32): error TS7006: Parameter 'assert' implicitly has an 'any' type.
test/parsers/parseSchema.test.ts(94,61): error TS7006: Parameter 'assert' implicitly has an 'any' type.
test/parsers/parseSimpleDiscriminatedOneOf.test.ts(4,23): error TS2835: Relative import paths need explicit file extensions in ECMAScript imports when '--moduleResolution' is 'node16' or 'nodenext'. Did you mean '../suite.js'?
test/parsers/parseSimpleDiscriminatedOneOf.test.ts(6,41): error TS7006: Parameter 'test' implicitly has an 'any' type.
test/parsers/parseSimpleDiscriminatedOneOf.test.ts(7,80): error TS7006: Parameter 'assert' implicitly has an 'any' type.
test/parsers/parseSimpleDiscriminatedOneOf.test.ts(37,43): error TS7006: Parameter 'assert' implicitly has an 'any' type.
test/parsers/parseSimpleDiscriminatedOneOf.test.ts(60,52): error TS7006: Parameter 'assert' implicitly has an 'any' type.
test/parsers/parseSimpleDiscriminatedOneOf.test.ts(72,58): error TS7006: Parameter 'assert' implicitly has an 'any' type.
test/parsers/parseSimpleDiscriminatedOneOf.test.ts(105,81): error TS7006: Parameter 'assert' implicitly has an 'any' type.
test/parsers/parseSimpleDiscriminatedOneOf.test.ts(132,86): error TS7006: Parameter 'assert' implicitly has an 'any' type.
test/parsers/parseSimpleDiscriminatedOneOf.test.ts(151,59): error TS7006: Parameter 'assert' implicitly has an 'any' type.
test/parsers/parseSimpleDiscriminatedOneOf.test.ts(169,58): error TS7006: Parameter 'assert' implicitly has an 'any' type.
test/parsers/parseSimpleDiscriminatedOneOf.test.ts(178,66): error TS7006: Parameter 'assert' implicitly has an 'any' type.
test/parsers/parseSimpleDiscriminatedOneOf.test.ts(192,67): error TS7006: Parameter 'assert' implicitly has an 'any' type.
test/parsers/parseSimpleDiscriminatedOneOf.test.ts(202,72): error TS7006: Parameter 'assert' implicitly has an 'any' type.
test/parsers/parseSimpleDiscriminatedOneOf.test.ts(217,80): error TS7006: Parameter 'assert' implicitly has an 'any' type.
test/parsers/parseSimpleDiscriminatedOneOf.test.ts(234,67): error TS7006: Parameter 'assert' implicitly has an 'any' type.
test/parsers/parseSimpleDiscriminatedOneOf.test.ts(252,80): error TS7006: Parameter 'assert' implicitly has an 'any' type.
test/parsers/parseSimpleDiscriminatedOneOf.test.ts(269,95): error TS7006: Parameter 'assert' implicitly has an 'any' type.
test/parsers/parseSimpleDiscriminatedOneOf.test.ts(286,82): error TS7006: Parameter 'assert' implicitly has an 'any' type.
test/parsers/parseSimpleDiscriminatedOneOf.test.ts(303,68): error TS7006: Parameter 'assert' implicitly has an 'any' type.
test/parsers/parseSimpleDiscriminatedOneOf.test.ts(318,82): error TS7006: Parameter 'assert' implicitly has an 'any' type.
test/parsers/parseSimpleDiscriminatedOneOf.test.ts(335,58): error TS7006: Parameter 'assert' implicitly has an 'any' type.
test/parsers/parseSimpleDiscriminatedOneOf.test.ts(352,73): error TS7006: Parameter 'assert' implicitly has an 'any' type.
test/parsers/parseSimpleDiscriminatedOneOf.test.ts(371,68): error TS7006: Parameter 'assert' implicitly has an 'any' type.
test/parsers/parseSimpleDiscriminatedOneOf.test.ts(390,69): error TS7006: Parameter 'assert' implicitly has an 'any' type.
test/parsers/parseSimpleDiscriminatedOneOf.test.ts(409,69): error TS7006: Parameter 'assert' implicitly has an 'any' type.
test/parsers/parseString.test.ts(2,29): error TS2835: Relative import paths need explicit file extensions in ECMAScript imports when '--moduleResolution' is 'node16' or 'nodenext'. Did you mean '../../src/parsers/parseString.js'?
test/parsers/parseString.test.ts(3,23): error TS2835: Relative import paths need explicit file extensions in ECMAScript imports when '--moduleResolution' is 'node16' or 'nodenext'. Did you mean '../suite.js'?
test/parsers/parseString.test.ts(5,23): error TS7006: Parameter 'test' implicitly has an 'any' type.
test/parsers/parseString.test.ts(13,28): error TS7006: Parameter 'assert' implicitly has an 'any' type.
test/parsers/parseString.test.ts(27,18): error TS7006: Parameter 'assert' implicitly has an 'any' type.
test/parsers/parseString.test.ts(37,15): error TS7006: Parameter 'assert' implicitly has an 'any' type.
test/parsers/parseString.test.ts(54,16): error TS7006: Parameter 'assert' implicitly has an 'any' type.
test/parsers/parseString.test.ts(64,17): error TS7006: Parameter 'assert' implicitly has an 'any' type.
test/parsers/parseString.test.ts(74,17): error TS7006: Parameter 'assert' implicitly has an 'any' type.
test/parsers/parseString.test.ts(84,17): error TS7006: Parameter 'assert' implicitly has an 'any' type.
test/parsers/parseString.test.ts(94,21): error TS7006: Parameter 'assert' implicitly has an 'any' type.
test/parsers/parseString.test.ts(104,19): error TS7006: Parameter 'assert' implicitly has an 'any' type.
test/parsers/parseString.test.ts(141,29): error TS7006: Parameter 'assert' implicitly has an 'any' type.
test/parsers/parseString.test.ts(192,39): error TS7006: Parameter 'assert' implicitly has an 'any' type.
test/parsers/parseString.test.ts(211,62): error TS7006: Parameter 'assert' implicitly has an 'any' type.
test/parsers/parseString.test.ts(253,51): error TS7006: Parameter 'assert' implicitly has an 'any' type.
test/parsers/parseString.test.ts(270,61): error TS7006: Parameter 'assert' implicitly has an 'any' type.
test/parsers/parseString.test.ts(274,43): error TS7006: Parameter 'format' implicitly has an 'any' type.
test/parsers/parseString.test.ts(274,51): error TS7006: Parameter 'path' implicitly has an 'any' type.
test/reconstructJsonSchema.test.ts(1,39): error TS2835: Relative import paths need explicit file extensions in ECMAScript imports when '--moduleResolution' is 'node16' or 'nodenext'. Did you mean '../src/zodToJsonSchema.js'?
test/reconstructJsonSchema.test.ts(2,23): error TS2835: Relative import paths need explicit file extensions in ECMAScript imports when '--moduleResolution' is 'node16' or 'nodenext'. Did you mean './suite.js'?
test/reconstructJsonSchema.test.ts(4,33): error TS7006: Parameter 'test' implicitly has an 'any' type.
test/reconstructJsonSchema.test.ts(5,66): error TS7006: Parameter 'assert' implicitly has an 'any' type.
test/reconstructJsonSchema.test.ts(25,71): error TS7006: Parameter 'assert' implicitly has an 'any' type.
test/reconstructJsonSchema.test.ts(59,49): error TS7006: Parameter 'assert' implicitly has an 'any' type.
test/reconstructJsonSchema.test.ts(83,53): error TS7006: Parameter 'assert' implicitly has an 'any' type.
test/utils/assertCode.ts(30,7): error TS2322: Type 'boolean | undefined' is not assignable to type 'boolean'.
  Type 'undefined' is not assignable to type 'boolean'.
test/utils/cliTools.test.ts(1,40): error TS2835: Relative import paths need explicit file extensions in ECMAScript imports when '--moduleResolution' is 'node16' or 'nodenext'. Did you mean '../../src/utils/cliTools.js'?
test/utils/cliTools.test.ts(2,23): error TS2835: Relative import paths need explicit file extensions in ECMAScript imports when '--moduleResolution' is 'node16' or 'nodenext'. Did you mean '../suite.js'?
test/utils/cliTools.test.ts(4,20): error TS7006: Parameter 'test' implicitly has an 'any' type.
test/utils/cliTools.test.ts(5,91): error TS7006: Parameter 'assert' implicitly has an 'any' type.
test/utils/cliTools.test.ts(10,66): error TS7006: Parameter 'assert' implicitly has an 'any' type.
test/utils/cliTools.test.ts(20,79): error TS7006: Parameter 'assert' implicitly has an 'any' type.
test/utils/cliTools.test.ts(30,58): error TS7006: Parameter 'assert' implicitly has an 'any' type.
test/utils/cliTools.test.ts(42,62): error TS7006: Parameter 'assert' implicitly has an 'any' type.
test/utils/half.test.ts(1,22): error TS2835: Relative import paths need explicit file extensions in ECMAScript imports when '--moduleResolution' is 'node16' or 'nodenext'. Did you mean '../../src/utils/half.js'?
test/utils/half.test.ts(2,23): error TS2835: Relative import paths need explicit file extensions in ECMAScript imports when '--moduleResolution' is 'node16' or 'nodenext'. Did you mean '../suite.js'?
test/utils/half.test.ts(4,16): error TS7006: Parameter 'test' implicitly has an 'any' type.
test/utils/half.test.ts(5,17): error TS7006: Parameter 'assert' implicitly has an 'any' type.
test/utils/liftInlineObjects.test.ts(43,38): error TS2345: Argument of type '{ readonly allOf: readonly [{ readonly type: "object"; readonly properties: { readonly a: { readonly type: "string"; }; }; }, { readonly type: "object"; readonly properties: { readonly b: { readonly type: "string"; }; }; }]; }' is not assignable to parameter of type 'JsonSchema'.
  Type '{ readonly allOf: readonly [{ readonly type: "object"; readonly properties: { readonly a: { readonly type: "string"; }; }; }, { readonly type: "object"; readonly properties: { readonly b: { readonly type: "string"; }; }; }]; }' is not assignable to type 'JsonSchemaObject'.
    Type '{ readonly allOf: readonly [{ readonly type: "object"; readonly properties: { readonly a: { readonly type: "string"; }; }; }, { readonly type: "object"; readonly properties: { readonly b: { readonly type: "string"; }; }; }]; }' is not assignable to type '{ type?: string | string[] | undefined; $id?: string | undefined; $ref?: string | undefined; $anchor?: string | undefined; $dynamicRef?: string | undefined; $dynamicAnchor?: string | undefined; ... 44 more ...; errorMessage?: { ...; } | undefined; }'.
      Types of property 'allOf' are incompatible.
        The type 'readonly [{ readonly type: "object"; readonly properties: { readonly a: { readonly type: "string"; }; }; }, { readonly type: "object"; readonly properties: { readonly b: { readonly type: "string"; }; }; }]' is 'readonly' and cannot be assigned to the mutable type 'JsonSchema[]'.
test/utils/omit.test.ts(1,22): error TS2835: Relative import paths need explicit file extensions in ECMAScript imports when '--moduleResolution' is 'node16' or 'nodenext'. Did you mean '../../src/utils/omit.js'?
test/utils/omit.test.ts(2,23): error TS2835: Relative import paths need explicit file extensions in ECMAScript imports when '--moduleResolution' is 'node16' or 'nodenext'. Did you mean '../suite.js'?
test/utils/omit.test.ts(4,16): error TS7006: Parameter 'test' implicitly has an 'any' type.
test/utils/omit.test.ts(5,17): error TS7006: Parameter 'assert' implicitly has an 'any' type.
test/utils/omit.test.ts(14,7): error TS2578: Unused '@ts-expect-error' directive.
test/utils/omit.test.ts(22,5): error TS2578: Unused '@ts-expect-error' directive.
test/workflowSchema.test.ts(4,18): error TS7016: Could not find a declaration file for module 'js-yaml'. '/Users/gbryk/Repos/json-schema-to-zod/node_modules/.pnpm/js-yaml@4.1.1/node_modules/js-yaml/dist/js-yaml.mjs' implicitly has an 'any' type.
  Try `npm i --save-dev @types/js-yaml` if it exists or add a new declaration (.d.ts) file containing `declare module 'js-yaml';`
test/workflowSchema.test.ts(6,23): error TS2835: Relative import paths need explicit file extensions in ECMAScript imports when '--moduleResolution' is 'node16' or 'nodenext'. Did you mean './suite.js'?
test/workflowSchema.test.ts(8,25): error TS7006: Parameter 'test' implicitly has an 'any' type.
test/workflowSchema.test.ts(9,45): error TS7006: Parameter 'assert' implicitly has an 'any' type.
test/workflowSchema.test.ts(30,64): error TS7006: Parameter 'assert' implicitly has an 'any' type.
